{
  "version": "1.5.0",
  "plugins_used": [
    {
      "name": "ArtifactoryDetector"
    },
    {
      "name": "AWSKeyDetector"
    },
    {
      "name": "AzureStorageKeyDetector"
    },
    {
      "name": "Base64HighEntropyString",
      "limit": 4.5
    },
    {
      "name": "BasicAuthDetector"
    },
    {
      "name": "CloudantDetector"
    },
    {
      "name": "DiscordBotTokenDetector"
    },
    {
      "name": "GitHubTokenDetector"
    },
    {
      "name": "GitLabTokenDetector"
    },
    {
      "name": "HexHighEntropyString",
      "limit": 3.0
    },
    {
      "name": "IbmCloudIamDetector"
    },
    {
      "name": "IbmCosHmacDetector"
    },
    {
      "name": "IPPublicDetector"
    },
    {
      "name": "JwtTokenDetector"
    },
    {
      "name": "KeywordDetector",
      "keyword_exclude": ""
    },
    {
      "name": "MailchimpDetector"
    },
    {
      "name": "NpmDetector"
    },
    {
      "name": "OpenAIDetector"
    },
    {
      "name": "PrivateKeyDetector"
    },
    {
      "name": "PypiTokenDetector"
    },
    {
      "name": "SendGridDetector"
    },
    {
      "name": "SlackDetector"
    },
    {
      "name": "SoftlayerDetector"
    },
    {
      "name": "SquareOAuthDetector"
    },
    {
      "name": "StripeDetector"
    },
    {
      "name": "TelegramBotTokenDetector"
    },
    {
      "name": "TwilioKeyDetector"
    }
  ],
  "filters_used": [
    {
      "path": "detect_secrets.filters.allowlist.is_line_allowlisted"
    },
    {
      "path": "detect_secrets.filters.common.is_ignored_due_to_verification_policies",
      "min_level": 2
    },
    {
      "path": "detect_secrets.filters.heuristic.is_indirect_reference"
    },
    {
      "path": "detect_secrets.filters.heuristic.is_likely_id_string"
    },
    {
      "path": "detect_secrets.filters.heuristic.is_lock_file"
    },
    {
      "path": "detect_secrets.filters.heuristic.is_not_alphanumeric_string"
    },
    {
      "path": "detect_secrets.filters.heuristic.is_potential_uuid"
    },
    {
      "path": "detect_secrets.filters.heuristic.is_prefixed_with_dollar_sign"
    },
    {
      "path": "detect_secrets.filters.heuristic.is_sequential_string"
    },
    {
      "path": "detect_secrets.filters.heuristic.is_swagger_file"
    },
    {
      "path": "detect_secrets.filters.heuristic.is_templated_secret"
    },
    {
      "path": "detect_secrets.filters.regex.should_exclude_file",
      "pattern": [
        "secrets/.*\\.ya?ml$|secrets/.*\\.env$|package-lock.json|pnpm-lock.yaml|yarn.lock"
      ]
    }
  ],
  "results": {
    ".agents/skills/deployment-pipeline-design/references/advanced-strategies.md": [
      {
        "type": "Basic Auth Credentials",
        "filename": ".agents/skills/deployment-pipeline-design/references/advanced-strategies.md",
        "hashed_secret": "a94a8fe5ccb19ba61c4c0873d391e987982fbbd3",
        "is_verified": false,
        "line_number": 95
      }
    ],
    ".agents/skills/fastapi-templates/SKILL.md": [
      {
        "type": "Secret Keyword",
        "filename": ".agents/skills/fastapi-templates/SKILL.md",
        "hashed_secret": "1c58bd92003bbaa0538e249fff6ee19a270dec5f",
        "is_verified": false,
        "line_number": 532
      }
    ],
    ".agents/skills/python-testing-patterns/SKILL.md": [
      {
        "type": "Secret Keyword",
        "filename": ".agents/skills/python-testing-patterns/SKILL.md",
        "hashed_secret": "3acfb2c2b433c0ea7ff107e33df91b18e52f960f",
        "is_verified": false,
        "line_number": 186
      }
    ],
    ".agents/skills/python-testing-patterns/references/advanced-patterns.md": [
      {
        "type": "Secret Keyword",
        "filename": ".agents/skills/python-testing-patterns/references/advanced-patterns.md",
        "hashed_secret": "82aeb9f3dbb0e40d4c7d9aba9afda6b2fb6d6ae0",
        "is_verified": false,
        "line_number": 86
      }
    ],
    ".agents/skills/secrets-management/SKILL.md": [
      {
        "type": "Secret Keyword",
        "filename": ".agents/skills/secrets-management/SKILL.md",
        "hashed_secret": "5c5a15a8b0b3e154d77746945e563ba40100681b",
        "is_verified": false,
        "line_number": 254
      }
    ],
    ".agents/skills/skill-creator/eval-viewer/viewer.html": [
      {
        "type": "Base64 High Entropy String",
        "filename": ".agents/skills/skill-creator/eval-viewer/viewer.html",
        "hashed_secret": "9806cc8d4b9f35120264fbc2cb41344c76b331f7",
        "is_verified": false,
        "line_number": 10
      }
    ],
    ".env.example": [
      {
        "type": "Basic Auth Credentials",
        "filename": ".env.example",
        "hashed_secret": "5baa61e4c9b93f3f0682250b6cf8331b7ee68fd8",
        "is_verified": false,
        "line_number": 34
      }
    ],
    ".github/workflows/ci-cd.yml": [
      {
        "type": "Secret Keyword",
        "filename": ".github/workflows/ci-cd.yml",
        "hashed_secret": "a94a8fe5ccb19ba61c4c0873d391e987982fbbd3",
        "is_verified": false,
        "line_number": 89
      },
      {
        "type": "Basic Auth Credentials",
        "filename": ".github/workflows/ci-cd.yml",
        "hashed_secret": "a94a8fe5ccb19ba61c4c0873d391e987982fbbd3",
        "is_verified": false,
        "line_number": 133
      }
    ],
    "backend/heretek_swarm/api/configuration.py": [
      {
        "type": "Secret Keyword",
        "filename": "backend/heretek_swarm/api/configuration.py",
        "hashed_secret": "3acfb2c2b433c0ea7ff107e33df91b18e52f960f",
        "is_verified": false,
        "line_number": 276
      }
    ],
    "backend/heretek_swarm/api/wizard.py": [
      {
        "type": "Secret Keyword",
        "filename": "backend/heretek_swarm/api/wizard.py",
        "hashed_secret": "300b3b91f93879b63e090eaa49e110250baf4c0c",
        "is_verified": false,
        "line_number": 66
      },
      {
        "type": "Secret Keyword",
        "filename": "backend/heretek_swarm/api/wizard.py",
        "hashed_secret": "f8ca0d7266886f4b5be9adddc9b66017b3bf1a4b",
        "is_verified": false,
        "line_number": 67
      },
      {
        "type": "Secret Keyword",
        "filename": "backend/heretek_swarm/api/wizard.py",
        "hashed_secret": "ed05045c1666dd556d9a09f9eb6889f42a81aa5a",
        "is_verified": false,
        "line_number": 82
      },
      {
        "type": "Secret Keyword",
        "filename": "backend/heretek_swarm/api/wizard.py",
        "hashed_secret": "02ecb94373bfb3dfe827ca18409f50b016e8302a",
        "is_verified": false,
        "line_number": 83
      },
      {
        "type": "Secret Keyword",
        "filename": "backend/heretek_swarm/api/wizard.py",
        "hashed_secret": "49aed08e4f2a54cf82707c1460546be411439831",
        "is_verified": false,
        "line_number": 98
      },
      {
        "type": "Secret Keyword",
        "filename": "backend/heretek_swarm/api/wizard.py",
        "hashed_secret": "17bb10d3f44323963c21bf3c97341ebb5accf05e",
        "is_verified": false,
        "line_number": 99
      },
      {
        "type": "Secret Keyword",
        "filename": "backend/heretek_swarm/api/wizard.py",
        "hashed_secret": "1edb3df1c86269b7b84f427055d13a33c6f4cc63",
        "is_verified": false,
        "line_number": 114
      },
      {
        "type": "Secret Keyword",
        "filename": "backend/heretek_swarm/api/wizard.py",
        "hashed_secret": "1a37d41260f96724ee881be5e261b4d043f0626b",
        "is_verified": false,
        "line_number": 115
      },
      {
        "type": "Secret Keyword",
        "filename": "backend/heretek_swarm/api/wizard.py",
        "hashed_secret": "81c3ad5e1b5db266d54a7d3a0da2c3341a2248cc",
        "is_verified": false,
        "line_number": 130
      },
      {
        "type": "Secret Keyword",
        "filename": "backend/heretek_swarm/api/wizard.py",
        "hashed_secret": "fbc8cff8359639c2cc4b0c135565e801ab38358f",
        "is_verified": false,
        "line_number": 131
      },
      {
        "type": "Secret Keyword",
        "filename": "backend/heretek_swarm/api/wizard.py",
        "hashed_secret": "ce51a09c26c5301fd578ce2eba78a4a601f0f94f",
        "is_verified": false,
        "line_number": 146
      },
      {
        "type": "Secret Keyword",
        "filename": "backend/heretek_swarm/api/wizard.py",
        "hashed_secret": "4835254aab9494e03d8b72e816719a4914612587",
        "is_verified": false,
        "line_number": 147
      },
      {
        "type": "Secret Keyword",
        "filename": "backend/heretek_swarm/api/wizard.py",
        "hashed_secret": "32539a852e072e78aa2af8b7b3b46262f189c0ab",
        "is_verified": false,
        "line_number": 162
      },
      {
        "type": "Secret Keyword",
        "filename": "backend/heretek_swarm/api/wizard.py",
        "hashed_secret": "9854e3021a13c512b797972837462622115d2310",
        "is_verified": false,
        "line_number": 163
      },
      {
        "type": "Secret Keyword",
        "filename": "backend/heretek_swarm/api/wizard.py",
        "hashed_secret": "f36e208b871e6891e1d755cd789c089747a28f71",
        "is_verified": false,
        "line_number": 619
      },
      {
        "type": "Secret Keyword",
        "filename": "backend/heretek_swarm/api/wizard.py",
        "hashed_secret": "4941a0c073fbffc79b334dab4cc71b84a6265fd9",
        "is_verified": false,
        "line_number": 621
      },
      {
        "type": "Secret Keyword",
        "filename": "backend/heretek_swarm/api/wizard.py",
        "hashed_secret": "7715e6b5da283a14eabd82edeed9d9af2f654677",
        "is_verified": false,
        "line_number": 624
      }
    ],
    "backend/heretek_swarm/cli/consensus.py": [
      {
        "type": "Basic Auth Credentials",
        "filename": "backend/heretek_swarm/cli/consensus.py",
        "hashed_secret": "9d4e1e23bd5b727046a9e3b4b7db57bd8d6ee684",
        "is_verified": false,
        "line_number": 40
      }
    ],
    "backend/heretek_swarm/cli/goal_commands.py": [
      {
        "type": "Basic Auth Credentials",
        "filename": "backend/heretek_swarm/cli/goal_commands.py",
        "hashed_secret": "9d4e1e23bd5b727046a9e3b4b7db57bd8d6ee684",
        "is_verified": false,
        "line_number": 61
      }
    ],
    "backend/heretek_swarm/cli/run.py": [
      {
        "type": "Basic Auth Credentials",
        "filename": "backend/heretek_swarm/cli/run.py",
        "hashed_secret": "9d4e1e23bd5b727046a9e3b4b7db57bd8d6ee684",
        "is_verified": false,
        "line_number": 86
      }
    ],
    "backend/heretek_swarm/config/loader.py": [
      {
        "type": "Secret Keyword",
        "filename": "backend/heretek_swarm/config/loader.py",
        "hashed_secret": "4c7bac93427c83bcc3beeceebfa54f16f801b78f",
        "is_verified": false,
        "line_number": 139
      },
      {
        "type": "Secret Keyword",
        "filename": "backend/heretek_swarm/config/loader.py",
        "hashed_secret": "5018050309be89b77c15ea0ee9fb85450015c18a",
        "is_verified": false,
        "line_number": 147
      }
    ],
    "backend/heretek_swarm/embeddings/providers/factory.py": [
      {
        "type": "Secret Keyword",
        "filename": "backend/heretek_swarm/embeddings/providers/factory.py",
        "hashed_secret": "ec3810e10fb78db55ce38b9c18d1c3eb1db739e0",
        "is_verified": false,
        "line_number": 112
      }
    ],
    "backend/heretek_swarm/embeddings/providers/openai_provider.py": [
      {
        "type": "Secret Keyword",
        "filename": "backend/heretek_swarm/embeddings/providers/openai_provider.py",
        "hashed_secret": "ec3810e10fb78db55ce38b9c18d1c3eb1db739e0",
        "is_verified": false,
        "line_number": 42
      }
    ],
    "backend/heretek_swarm/llm/providers/factory.py": [
      {
        "type": "Secret Keyword",
        "filename": "backend/heretek_swarm/llm/providers/factory.py",
        "hashed_secret": "ec3810e10fb78db55ce38b9c18d1c3eb1db739e0",
        "is_verified": false,
        "line_number": 118
      }
    ],
    "backend/heretek_swarm/llm/providers/minimax_provider.py": [
      {
        "type": "Secret Keyword",
        "filename": "backend/heretek_swarm/llm/providers/minimax_provider.py",
        "hashed_secret": "89a6cfe2a229151e8055abee107d45ed087bbb4f",
        "is_verified": false,
        "line_number": 49
      }
    ],
    "backend/heretek_swarm/llm/providers/openai_compatible.py": [
      {
        "type": "Secret Keyword",
        "filename": "backend/heretek_swarm/llm/providers/openai_compatible.py",
        "hashed_secret": "b5c2827eb65bf13b87130e7e3c424ba9ff07cd67",
        "is_verified": false,
        "line_number": 58
      }
    ],
    "backend/heretek_swarm/llm/providers/openai_provider.py": [
      {
        "type": "Secret Keyword",
        "filename": "backend/heretek_swarm/llm/providers/openai_provider.py",
        "hashed_secret": "ec3810e10fb78db55ce38b9c18d1c3eb1db739e0",
        "is_verified": false,
        "line_number": 51
      }
    ],
    "backend/heretek_swarm/llm/providers/zai_provider.py": [
      {
        "type": "Secret Keyword",
        "filename": "backend/heretek_swarm/llm/providers/zai_provider.py",
        "hashed_secret": "89a6cfe2a229151e8055abee107d45ed087bbb4f",
        "is_verified": false,
        "line_number": 51
      }
    ],
    "backend/heretek_swarm/runtime/entrypoint.py": [
      {
        "type": "Basic Auth Credentials",
        "filename": "backend/heretek_swarm/runtime/entrypoint.py",
        "hashed_secret": "9d4e1e23bd5b727046a9e3b4b7db57bd8d6ee684",
        "is_verified": false,
        "line_number": 28
      }
    ],
    "backend/heretek_swarm/runtime/main_loop.py": [
      {
        "type": "Basic Auth Credentials",
        "filename": "backend/heretek_swarm/runtime/main_loop.py",
        "hashed_secret": "9d4e1e23bd5b727046a9e3b4b7db57bd8d6ee684",
        "is_verified": false,
        "line_number": 127
      }
    ],
    "backend/heretek_swarm/runtime/scaling.py": [
      {
        "type": "Basic Auth Credentials",
        "filename": "backend/heretek_swarm/runtime/scaling.py",
        "hashed_secret": "9d4e1e23bd5b727046a9e3b4b7db57bd8d6ee684",
        "is_verified": false,
        "line_number": 846
      }
    ],
    "docker-compose.yml": [
      {
        "type": "Basic Auth Credentials",
        "filename": "docker-compose.yml",
        "hashed_secret": "5baa61e4c9b93f3f0682250b6cf8331b7ee68fd8",
        "is_verified": false,
        "line_number": 83
      }
    ],
    "docs/AUTONOMOUS_WORKFLOW.md": [
      {
        "type": "Basic Auth Credentials",
        "filename": "docs/AUTONOMOUS_WORKFLOW.md",
        "hashed_secret": "9d4e1e23bd5b727046a9e3b4b7db57bd8d6ee684",
        "is_verified": false,
        "line_number": 47
      },
      {
        "type": "Basic Auth Credentials",
        "filename": "docs/AUTONOMOUS_WORKFLOW.md",
        "hashed_secret": "5baa61e4c9b93f3f0682250b6cf8331b7ee68fd8",
        "is_verified": false,
        "line_number": 430
      }
    ],
    "docs/DEPLOYMENT.md": [
      {
        "type": "Basic Auth Credentials",
        "filename": "docs/DEPLOYMENT.md",
        "hashed_secret": "afc848c316af1a89d49826c5ae9d00ed769415f3",
        "is_verified": false,
        "line_number": 152
      },
      {
        "type": "Basic Auth Credentials",
        "filename": "docs/DEPLOYMENT.md",
        "hashed_secret": "5baa61e4c9b93f3f0682250b6cf8331b7ee68fd8",
        "is_verified": false,
        "line_number": 499
      },
      {
        "type": "Secret Keyword",
        "filename": "docs/DEPLOYMENT.md",
        "hashed_secret": "ec3810e10fb78db55ce38b9c18d1c3eb1db739e0",
        "is_verified": false,
        "line_number": 523
      }
    ],
    "docs/MEMORY_SYSTEM.md": [
      {
        "type": "Secret Keyword",
        "filename": "docs/MEMORY_SYSTEM.md",
        "hashed_secret": "ec3810e10fb78db55ce38b9c18d1c3eb1db739e0",
        "is_verified": false,
        "line_number": 56
      }
    ],
    "docs/MONITORING.md": [
      {
        "type": "Secret Keyword",
        "filename": "docs/MONITORING.md",
        "hashed_secret": "5baa61e4c9b93f3f0682250b6cf8331b7ee68fd8",
        "is_verified": false,
        "line_number": 168
      },
      {
        "type": "Secret Keyword",
        "filename": "docs/MONITORING.md",
        "hashed_secret": "be42210e1585aa446c31fb51b55efeddc048e4a6",
        "is_verified": false,
        "line_number": 199
      }
    ],
    "docs/architecture/EXTERNAL_PATTERNS_ANALYSIS.md": [
      {
        "type": "Secret Keyword",
        "filename": "docs/architecture/EXTERNAL_PATTERNS_ANALYSIS.md",
        "hashed_secret": "11f9578d05e6f7bb58a3cdd00107e9f4e3882671",
        "is_verified": false,
        "line_number": 784
      }
    ],
    "docs/architecture/memory-system.md": [
      {
        "type": "Basic Auth Credentials",
        "filename": "docs/architecture/memory-system.md",
        "hashed_secret": "9d4e1e23bd5b727046a9e3b4b7db57bd8d6ee684",
        "is_verified": false,
        "line_number": 150
      }
    ],
    "migrations/README.md": [
      {
        "type": "Basic Auth Credentials",
        "filename": "migrations/README.md",
        "hashed_secret": "f003d5905f5e9ba0e9a661f98d820f23edfcee26",
        "is_verified": false,
        "line_number": 252
      }
    ],
    "scripts/bench/db_query.sh": [
      {
        "type": "Basic Auth Credentials",
        "filename": "scripts/bench/db_query.sh",
        "hashed_secret": "f838e3ceb3398c1a59ff6425eb47d6321fdc5363",
        "is_verified": false,
        "line_number": 40
      }
    ],
    "scripts/verify-m016-s03.sh": [
      {
        "type": "Secret Keyword",
        "filename": "scripts/verify-m016-s03.sh",
        "hashed_secret": "2e72ece81efc299231442d334b6614af84d17816",
        "is_verified": false,
        "line_number": 82
      }
    ],
    "skills-lock.json": [
      {
        "type": "Hex High Entropy String",
        "filename": "skills-lock.json",
        "hashed_secret": "1d109d032195743be9bf6961b9f3f3caa2f3af47",
        "is_verified": false,
        "line_number": 8
      },
      {
        "type": "Hex High Entropy String",
        "filename": "skills-lock.json",
        "hashed_secret": "e7b2878d17dec5aa0b1a3ebdc53eb66fde443b5c",
        "is_verified": false,
        "line_number": 14
      },
      {
        "type": "Hex High Entropy String",
        "filename": "skills-lock.json",
        "hashed_secret": "e47976a71a003ef6da7ef0a3af2c00b094158292",
        "is_verified": false,
        "line_number": 20
      },
      {
        "type": "Hex High Entropy String",
        "filename": "skills-lock.json",
        "hashed_secret": "4fad1ae249bcea02ae082f598aa5ac2ddec3df5c",
        "is_verified": false,
        "line_number": 26
      },
      {
        "type": "Hex High Entropy String",
        "filename": "skills-lock.json",
        "hashed_secret": "cf00986d2b4fa5df4c6023ceaa17695327d81a29",
        "is_verified": false,
        "line_number": 32
      },
      {
        "type": "Hex High Entropy String",
        "filename": "skills-lock.json",
        "hashed_secret": "abce515e5e24a71807fe2ec366a0422683d395b4",
        "is_verified": false,
        "line_number": 38
      },
      {
        "type": "Hex High Entropy String",
        "filename": "skills-lock.json",
        "hashed_secret": "f24ecfd02bf509c12905db968d39ce4364c61b94",
        "is_verified": false,
        "line_number": 44
      },
      {
        "type": "Hex High Entropy String",
        "filename": "skills-lock.json",
        "hashed_secret": "4c8173c03a1f32711c7ef9d18abd9013123d763f",
        "is_verified": false,
        "line_number": 50
      },
      {
        "type": "Hex High Entropy String",
        "filename": "skills-lock.json",
        "hashed_secret": "4a7217f59e03cfb6c354334455c21a30981ced47",
        "is_verified": false,
        "line_number": 56
      },
      {
        "type": "Hex High Entropy String",
        "filename": "skills-lock.json",
        "hashed_secret": "2c01ecc0edac412fdee4e1ce73708b38a67db8fa",
        "is_verified": false,
        "line_number": 62
      },
      {
        "type": "Hex High Entropy String",
        "filename": "skills-lock.json",
        "hashed_secret": "71b7ae411e0b065ab61de39fd310cb24c34d2cf1",
        "is_verified": false,
        "line_number": 68
      },
      {
        "type": "Hex High Entropy String",
        "filename": "skills-lock.json",
        "hashed_secret": "5e6e97abe2502b6c2599b1eebdc99a58a45ffc86",
        "is_verified": false,
        "line_number": 74
      },
      {
        "type": "Hex High Entropy String",
        "filename": "skills-lock.json",
        "hashed_secret": "f3b31eb67bb285141b1eff9d314852df2f31edb1",
        "is_verified": false,
        "line_number": 80
      },
      {
        "type": "Hex High Entropy String",
        "filename": "skills-lock.json",
        "hashed_secret": "dbd979ac4942d78d7ef3577b5660dd4085c284e4",
        "is_verified": false,
        "line_number": 86
      },
      {
        "type": "Hex High Entropy String",
        "filename": "skills-lock.json",
        "hashed_secret": "14b4c8ccaffcba6f80b1268915872702edec2f01",
        "is_verified": false,
        "line_number": 92
      },
      {
        "type": "Hex High Entropy String",
        "filename": "skills-lock.json",
        "hashed_secret": "114af853aa052c3adefa0929c50df4dfae6c86b7",
        "is_verified": false,
        "line_number": 98
      },
      {
        "type": "Hex High Entropy String",
        "filename": "skills-lock.json",
        "hashed_secret": "75370a6bdf5fcb08e6a8186df9e76b5b1d1218d0",
        "is_verified": false,
        "line_number": 104
      },
      {
        "type": "Hex High Entropy String",
        "filename": "skills-lock.json",
        "hashed_secret": "b6351bf0e67b0f0015f1efe12417ebed64ebc1b9",
        "is_verified": false,
        "line_number": 110
      },
      {
        "type": "Hex High Entropy String",
        "filename": "skills-lock.json",
        "hashed_secret": "97459c06b6ba715ba199b9a33f2563096702a390",
        "is_verified": false,
        "line_number": 116
      },
      {
        "type": "Hex High Entropy String",
        "filename": "skills-lock.json",
        "hashed_secret": "6093c788a0abce0aef5e0d0d04a5c52563e28ba0",
        "is_verified": false,
        "line_number": 122
      },
      {
        "type": "Hex High Entropy String",
        "filename": "skills-lock.json",
        "hashed_secret": "284f6da5c4db5626f5a31470e307f7739fc8113c",
        "is_verified": false,
        "line_number": 128
      },
      {
        "type": "Hex High Entropy String",
        "filename": "skills-lock.json",
        "hashed_secret": "0e5f2ee4cf1ee2f08c3bc4fb8a7323de903ca41c",
        "is_verified": false,
        "line_number": 134
      }
    ],
    "swarm-dashboard/src/components/Setup/ConfigWizard.tsx": [
      {
        "type": "Basic Auth Credentials",
        "filename": "swarm-dashboard/src/components/Setup/ConfigWizard.tsx",
        "hashed_secret": "9d4e1e23bd5b727046a9e3b4b7db57bd8d6ee684",
        "is_verified": false,
        "line_number": 852
      }
    ],
    "swarm-dashboard/tests/e2e/dashboard.spec.ts": [
      {
        "type": "Secret Keyword",
        "filename": "swarm-dashboard/tests/e2e/dashboard.spec.ts",
        "hashed_secret": "8d57823af3756155c598b77082bc4dbfbf272f6a",
        "is_verified": false,
        "line_number": 14
      }
    ],
    "swarm-dashboard/tests/e2e/full-e2e.spec.ts": [
      {
        "type": "Secret Keyword",
        "filename": "swarm-dashboard/tests/e2e/full-e2e.spec.ts",
        "hashed_secret": "8d57823af3756155c598b77082bc4dbfbf272f6a",
        "is_verified": false,
        "line_number": 12
      }
    ],
    "swarm-dashboard/tests/e2e/m011-regression.spec.ts": [
      {
        "type": "Secret Keyword",
        "filename": "swarm-dashboard/tests/e2e/m011-regression.spec.ts",
        "hashed_secret": "8d57823af3756155c598b77082bc4dbfbf272f6a",
        "is_verified": false,
        "line_number": 19
      }
    ],
    "swarm-dashboard/tests/e2e/m025-chat-interface.spec.ts": [
      {
        "type": "Secret Keyword",
        "filename": "swarm-dashboard/tests/e2e/m025-chat-interface.spec.ts",
        "hashed_secret": "8d57823af3756155c598b77082bc4dbfbf272f6a",
        "is_verified": false,
        "line_number": 15
      }
    ],
    "swarm-dashboard/tests/e2e/m025-t04-tests.spec.ts": [
      {
        "type": "Secret Keyword",
        "filename": "swarm-dashboard/tests/e2e/m025-t04-tests.spec.ts",
        "hashed_secret": "8d57823af3756155c598b77082bc4dbfbf272f6a",
        "is_verified": false,
        "line_number": 18
      }
    ],
    "swarm-dashboard/tests/e2e/m025-websocket-live.spec.ts": [
      {
        "type": "Secret Keyword",
        "filename": "swarm-dashboard/tests/e2e/m025-websocket-live.spec.ts",
        "hashed_secret": "8d57823af3756155c598b77082bc4dbfbf272f6a",
        "is_verified": false,
        "line_number": 18
      }
    ],
    "swarm-dashboard/tests/e2e/m026-websocket-consciousness.spec.ts": [
      {
        "type": "Secret Keyword",
        "filename": "swarm-dashboard/tests/e2e/m026-websocket-consciousness.spec.ts",
        "hashed_secret": "8d57823af3756155c598b77082bc4dbfbf272f6a",
        "is_verified": false,
        "line_number": 19
      }
    ],
    "swarm-dashboard/tests/e2e/m028-agent-spawn.spec.ts": [
      {
        "type": "Secret Keyword",
        "filename": "swarm-dashboard/tests/e2e/m028-agent-spawn.spec.ts",
        "hashed_secret": "8d57823af3756155c598b77082bc4dbfbf272f6a",
        "is_verified": false,
        "line_number": 61
      }
    ],
    "swarm-dashboard/tests/e2e/m028-runtime-stability.spec.ts": [
      {
        "type": "Secret Keyword",
        "filename": "swarm-dashboard/tests/e2e/m028-runtime-stability.spec.ts",
        "hashed_secret": "8d57823af3756155c598b77082bc4dbfbf272f6a",
        "is_verified": false,
        "line_number": 40
      },
      {
        "type": "Basic Auth Credentials",
        "filename": "swarm-dashboard/tests/e2e/m028-runtime-stability.spec.ts",
        "hashed_secret": "5baa61e4c9b93f3f0682250b6cf8331b7ee68fd8",
        "is_verified": false,
        "line_number": 45
      }
    ],
    "tests/test_actor_routing.py": [
      {
        "type": "Secret Keyword",
        "filename": "tests/test_actor_routing.py",
        "hashed_secret": "e9a5f12a8ecbb3eb46eca5096b5c52aa5e7c9fdd",
        "is_verified": false,
        "line_number": 158
      }
    ],
    "tests/test_config_cli.py": [
      {
        "type": "Secret Keyword",
        "filename": "tests/test_config_cli.py",
        "hashed_secret": "71fdbe9f60b1157a53c18b7ec93d4041d828aaad",
        "is_verified": false,
        "line_number": 646
      }
    ],
    "tests/test_consciousness_api.py": [
      {
        "type": "Secret Keyword",
        "filename": "tests/test_consciousness_api.py",
        "hashed_secret": "9337e6f18c79aad5ff357362e86feaf44e4c4009",
        "is_verified": false,
        "line_number": 28
      }
    ],
    "tests/test_cross_slice_mcp_routing.py": [
      {
        "type": "Secret Keyword",
        "filename": "tests/test_cross_slice_mcp_routing.py",
        "hashed_secret": "e9a5f12a8ecbb3eb46eca5096b5c52aa5e7c9fdd",
        "is_verified": false,
        "line_number": 52
      }
    ],
    "tests/test_db_timing.py": [
      {
        "type": "Secret Keyword",
        "filename": "tests/test_db_timing.py",
        "hashed_secret": "99091d046a81493ef2545d8c3cd8e881e8702893",
        "is_verified": false,
        "line_number": 139
      }
    ],
    "tests/test_encryption.py": [
      {
        "type": "Secret Keyword",
        "filename": "tests/test_encryption.py",
        "hashed_secret": "56acc73bc2e1d271186fd65eb611fb8802514519",
        "is_verified": false,
        "line_number": 105
      },
      {
        "type": "Secret Keyword",
        "filename": "tests/test_encryption.py",
        "hashed_secret": "4ea8d2335b430796cf3f500368c5b0f5b1dc90f5",
        "is_verified": false,
        "line_number": 108
      },
      {
        "type": "Secret Keyword",
        "filename": "tests/test_encryption.py",
        "hashed_secret": "b5688dd3ea591885147de8a26205d463b6a9f22f",
        "is_verified": false,
        "line_number": 109
      }
    ],
    "tests/test_full_stack.py": [
      {
        "type": "Secret Keyword",
        "filename": "tests/test_full_stack.py",
        "hashed_secret": "1e7772b7ee7a12f8dbb12351cabcb9dcd43221e8",
        "is_verified": false,
        "line_number": 582
      }
    ],
    "tests/test_model_garage_config.py": [
      {
        "type": "Secret Keyword",
        "filename": "tests/test_model_garage_config.py",
        "hashed_secret": "e9a5f12a8ecbb3eb46eca5096b5c52aa5e7c9fdd",
        "is_verified": false,
        "line_number": 361
      },
      {
        "type": "Secret Keyword",
        "filename": "tests/test_model_garage_config.py",
        "hashed_secret": "a973759fa5cbd2ab796d4e004ab4a9032ec72a39",
        "is_verified": false,
        "line_number": 400
      }
    ],
    "tests/test_provider_stats_api.py": [
      {
        "type": "Secret Keyword",
        "filename": "tests/test_provider_stats_api.py",
        "hashed_secret": "e9a5f12a8ecbb3eb46eca5096b5c52aa5e7c9fdd",
        "is_verified": false,
        "line_number": 50
      }
    ],
    "tests/test_providers_config_api.py": [
      {
        "type": "Secret Keyword",
        "filename": "tests/test_providers_config_api.py",
        "hashed_secret": "377acea377266b0858995b7b9c10e6ea2327cb4f",
        "is_verified": false,
        "line_number": 166
      }
    ],
    "tests/test_stub_replacement_verification.py": [
      {
        "type": "Secret Keyword",
        "filename": "tests/test_stub_replacement_verification.py",
        "hashed_secret": "e9a5f12a8ecbb3eb46eca5096b5c52aa5e7c9fdd",
        "is_verified": false,
        "line_number": 112
      },
      {
        "type": "Secret Keyword",
        "filename": "tests/test_stub_replacement_verification.py",
        "hashed_secret": "a62f2225bf70bfaccbc7f1ef2a397836717377de",
        "is_verified": false,
        "line_number": 146
      }
    ],
    "tests/test_usage_recording.py": [
      {
        "type": "Secret Keyword",
        "filename": "tests/test_usage_recording.py",
        "hashed_secret": "e9a5f12a8ecbb3eb46eca5096b5c52aa5e7c9fdd",
        "is_verified": false,
        "line_number": 47
      }
    ],
    "tests/test_ws_status_pump_integration.py": [
      {
        "type": "Secret Keyword",
        "filename": "tests/test_ws_status_pump_integration.py",
        "hashed_secret": "4f33c23913a870ff6806cb6425e6fd883c65e846",
        "is_verified": false,
        "line_number": 40
      }
    ]
  },
  "generated_at": "2026-05-28T22:53:04Z"
}
