16:from heretek_swarm.actors.arbiter import ArbiterAgent
17:from heretek_swarm.actors.base import ActorMessage, ActorState, ActorStatus, AgentActor
18:from heretek_swarm.actors.catalyst import CatalystAgent
19:from heretek_swarm.actors.chronos import ChronosAgent
20:from heretek_swarm.actors.coder import CoderAgent
21:from heretek_swarm.actors.coordinator import CoordinatorAgent
22:from heretek_swarm.actors.dreamer import DreamerAgent
23:from heretek_swarm.actors.echo import EchoActor
24:from heretek_swarm.actors.empath import EmpathAgent
25:from heretek_swarm.actors.examiner import ExaminerAgent
26:from heretek_swarm.actors.explorer import ExplorerAgent
27:from heretek_swarm.actors.factory import (
32:from heretek_swarm.actors.habit_forge import HabitForgeAgent
33:from heretek_swarm.actors.historian import HistorianAgent
34:from heretek_swarm.actors.metis import MetisAgent
35:from heretek_swarm.actors.nexus import NexusAgent
36:from heretek_swarm.actors.perceiver import PerceiverAgent
37:from heretek_swarm.actors.perceiver_plus import PerceiverPlusAgent
38:from heretek_swarm.actors.prism import PrismAgent
39:from heretek_swarm.actors.sentinel import SentinelAgent
40:from heretek_swarm.actors.sentinel_prime import SentinelPrimeAgent
41:from heretek_swarm.actors.supervisor import ActorSupervisor
42:from heretek_swarm.actors.triad import (
49:__all__ = [
