heretek-swarm/heretek_swarm/actors/__init__.py
heretek-swarm/heretek_swarm/actors/alpha.py
heretek-swarm/heretek_swarm/actors/beta.py
heretek-swarm/heretek_swarm/actors/catalyst.py
heretek-swarm/heretek_swarm/actors/charlie.py
heretek-swarm/heretek_swarm/actors/coder.py
heretek-swarm/heretek_swarm/actors/echo.py
heretek-swarm/heretek_swarm/actors/empath.py
heretek-swarm/heretek_swarm/actors/explorer.py
heretek-swarm/heretek_swarm/actors/factory.py
heretek-swarm/heretek_swarm/actors/handoff.py
heretek-swarm/heretek_swarm/actors/handoff_handlers.py
heretek-swarm/heretek_swarm/actors/historian.py
heretek-swarm/heretek_swarm/actors/langroid_adapter.py
heretek-swarm/heretek_swarm/actors/metis.py
heretek-swarm/heretek_swarm/actors/perceiver.py
heretek-swarm/heretek_swarm/actors/profiling.py
heretek-swarm/heretek_swarm/actors/steward.py
heretek-swarm/heretek_swarm/actors/stubs.py
heretek-swarm/heretek_swarm/actors/supervisor.py
heretek-swarm/heretek_swarm/actors/validation.py
---
heretek-swarm/heretek_swarm/actors/arbiter/
heretek-swarm/heretek_swarm/actors/base/
heretek-swarm/heretek_swarm/actors/chronos/
heretek-swarm/heretek_swarm/actors/coordinator/
heretek-swarm/heretek_swarm/actors/docs/
heretek-swarm/heretek_swarm/actors/dreamer/
heretek-swarm/heretek_swarm/actors/examiner/
heretek-swarm/heretek_swarm/actors/explorer/
heretek-swarm/heretek_swarm/actors/habit_forge/
heretek-swarm/heretek_swarm/actors/mixins/
heretek-swarm/heretek_swarm/actors/nexus/
heretek-swarm/heretek_swarm/actors/perceiver_plus/
heretek-swarm/heretek_swarm/actors/prism/
heretek-swarm/heretek_swarm/actors/sentinel/
heretek-swarm/heretek_swarm/actors/sentinel_prime/
heretek-swarm/heretek_swarm/actors/triad/
---
heretek-swarm/heretek_swarm/actors/mixins/__init__.py
heretek-swarm/heretek_swarm/actors/mixins/audit.py
heretek-swarm/heretek_swarm/actors/mixins/deliberation.py
heretek-swarm/heretek_swarm/actors/mixins/health_reporting.py
heretek-swarm/heretek_swarm/actors/mixins/learning.py
heretek-swarm/heretek_swarm/actors/mixins/memory.py
heretek-swarm/heretek_swarm/actors/mixins/memory_access.py
heretek-swarm/heretek_swarm/actors/mixins/pattern.py
heretek-swarm/heretek_swarm/actors/mixins/pattern_consumer.py
heretek-swarm/heretek_swarm/actors/mixins/tribunal.py
heretek-swarm/heretek_swarm/actors/mixins/validation.py
