./heretek-swarm/heretek_swarm/actors
./heretek-swarm/heretek_swarm/actors/__pycache__
./heretek-swarm/heretek_swarm/actors/arbiter
./heretek-swarm/heretek_swarm/actors/arbiter/__pycache__
./heretek-swarm/heretek_swarm/actors/base
./heretek-swarm/heretek_swarm/actors/base/__pycache__
./heretek-swarm/heretek_swarm/actors/chronos
./heretek-swarm/heretek_swarm/actors/chronos/__pycache__
./heretek-swarm/heretek_swarm/actors/coordinator
./heretek-swarm/heretek_swarm/actors/coordinator/__pycache__
./heretek-swarm/heretek_swarm/actors/docs
./heretek-swarm/heretek_swarm/actors/dreamer
./heretek-swarm/heretek_swarm/actors/dreamer/__pycache__
./heretek-swarm/heretek_swarm/actors/examiner
./heretek-swarm/heretek_swarm/actors/examiner/__pycache__
./heretek-swarm/heretek_swarm/actors/explorer
./heretek-swarm/heretek_swarm/actors/explorer/__pycache__
./heretek-swarm/heretek_swarm/actors/habit_forge
./heretek-swarm/heretek_swarm/actors/habit_forge/__pycache__
./heretek-swarm/heretek_swarm/actors/mixins
./heretek-swarm/heretek_swarm/actors/mixins/__pycache__
./heretek-swarm/heretek_swarm/actors/nexus
./heretek-swarm/heretek_swarm/actors/nexus/__pycache__
./heretek-swarm/heretek_swarm/actors/perceiver_plus
./heretek-swarm/heretek_swarm/actors/perceiver_plus/__pycache__
./heretek-swarm/heretek_swarm/actors/prism
./heretek-swarm/heretek_swarm/actors/prism/__pycache__
./heretek-swarm/heretek_swarm/actors/sentinel
./heretek-swarm/heretek_swarm/actors/sentinel/__pycache__
./heretek-swarm/heretek_swarm/actors/sentinel_prime
./heretek-swarm/heretek_swarm/actors/sentinel_prime/__pycache__
./heretek-swarm/heretek_swarm/actors/triad
./heretek-swarm/heretek_swarm/actors/triad/__pycache__
