"""
Perceiver Agent - Multi-Modal Sensory Input Processing.

The Perceiver agent provides:
- Multi-modal input handling (text, image, audio, video)
- Feature extraction and preprocessing
- Sensory data normalization and encoding
- Cross-modal correlation and fusion
- Input quality assessment and filtering

Named for the ability to perceive and process sensory information from multiple sources.
"""

import asyncio
import hashlib
from datetime import UTC, datetime
from enum import StrEnum
from typing import Any

import structlog
from swarms import Agent

from heretek_swarm.actors.base import ActorMessage, AgentActor

# Session 44: Collective Learning Integration
from heretek_swarm.actors.mixins import (
    DeliberationMixin,
    HealthReportingMixin,
    LearningMixin,
    MemoryMixin,
