=== Test files containing 'valid' ===
./tests/test_cli_help.py
./tests/test_cli_output.py
./tests/test_config_cli.py
./tests/test_consensus_api_auth.py
./tests/test_daemon.py
./tests/test_docker_config.py
./tests/test_historian_jsonl.py
./tests/test_main_loop_s03.py
./tests/test_main_loop_s04.py
./tests/test_mcp_tool_toggle.py
./tests/test_model_garage_config.py
./tests/test_providers_config_api.py
./tests/test_route_task.py
./tests/test_workflow_api.py
./tests/test_workflow_consensus_node.py
./tests/test_workflow_llm_node.py
./tests/test_workflow_validation.py
./tests/test_ws_status_pump_integration.py

=== test_workflow_validation.py summary ===
"""Tests for DAG validation edge-cases and PUT endpoint verification (M010/S01/T03).

Covers the validator's handling of real-world Canvas errors:
1. Self-loop: node with edge from itself to itself → rejected
2. Disconnected node: node with no edges → rejected
3. Missing node config: agent node without agent_id → warning
4. Multiple start nodes: valid DAG with 2 root nodes → passes
5. Diamond dependency: A→B, A→C, B→D, C→D → valid DAG, correct execution order
6. Complex cycle: A→B→C→A → CIRCULAR_DEPENDENCY detected
7. PUT update: update workflow definition → GET returns updated version
8. Validate draft: POST /api/workflows/validate (without saving) returns correct result
9. Topological sort produces correct ordering for diamond graphs
"""

from __future__ import annotations

from pathlib import Path

import pytest
from fastapi import FastAPI

=== Check if any test imports from actors.validation ===

=== All test files ===
tests/__init__.py
tests/conftest.py
tests/test_actor_routing.py
tests/test_agent_factory.py
tests/test_agent_tools.py
tests/test_chronos_ticks.py
tests/test_cli_help.py
tests/test_cli_output.py
tests/test_config_cli.py
tests/test_consensus_api_auth.py
tests/test_cost_calculation.py
tests/test_cross_slice_mcp_routing.py
tests/test_daemon.py
tests/test_deliberation_flow.py
tests/test_docker_config.py
tests/test_end_to_end_s03.py
tests/test_heartbeat_bus.py
tests/test_historian_jsonl.py
tests/test_historian_pg.py
tests/test_living_loop_integration.py
tests/test_main_loop_s03.py
tests/test_main_loop_s04.py
tests/test_main_loop_s05.py
tests/test_mcp_bridge.py
tests/test_mcp_tool_toggle.py
tests/test_model_garage_config.py
tests/test_packaging.py
tests/test_provider_stats_api.py
tests/test_providers_config_api.py
tests/test_readme_accuracy.py
tests/test_route_task.py
tests/test_steward_heartbeats.py
tests/test_triad_analysis.py
tests/test_usage_recording.py
tests/test_workflow_api.py
tests/test_workflow_consensus_node.py
tests/test_workflow_data_flow.py
tests/test_workflow_e2e_nodes.py
tests/test_workflow_llm_node.py
tests/test_workflow_validation.py
tests/test_ws_status_pump.py
tests/test_ws_status_pump_integration.py
