=== swarm-dashboard/ ===
DEBUG_MODE.md
Dockerfile
dist
index.html
nginx.conf
node_modules
package-lock.json
package.json
playwright-report
playwright.config.ts
postcss.config.js
public
regression.config.ts
src
tailwind.config.js
test-results
tests
tsconfig.json
tsconfig.node.json
vite-5.4.21.tgz
vite.config.ts
vitejs-plugin-react-6.0.1.tgz
vitest.config.ts

=== Root stale files summary ===
=.0* files:
0

Stale root Python files:
./triage_classifier.py

=== GitHub Actions workflows ===
---  ---
---  ---
---  ---
---  ---
---  ---
---  ---

=== backend/pyproject.toml ===
