.gsd.migrating/CODEBASE.md
.gsd.migrating/STATE.md
.gsd.migrating/activity/001-research-slice-M008-S02.jsonl
.gsd.migrating/activity/002-plan-slice-M008-S02.jsonl
.gsd.migrating/activity/003-execute-task-M008-S02-T01.jsonl
.gsd.migrating/activity/004-execute-task-M008-S02-T02.jsonl
.gsd.migrating/activity/005-complete-slice-M008-S02.jsonl
.gsd.migrating/activity/006-run-uat-M008-S02.jsonl
.gsd.migrating/activity/007-run-uat-M008-S03.jsonl
.gsd.migrating/activity/008-execute-task-M008-S04-T01.jsonl
.gsd.migrating/activity/009-complete-slice-M008-S04.jsonl
.gsd.migrating/activity/010-run-uat-M008-S04.jsonl
.gsd.migrating/audit/events.jsonl
.gsd.migrating/auto.lock
.gsd.migrating/doctor-history.jsonl
.gsd.migrating/event-log.jsonl
.gsd.migrating/exec/05caa66d-d5f6-4344-91dd-57bbdd467914.meta.json
.gsd.migrating/exec/05caa66d-d5f6-4344-91dd-57bbdd467914.stderr
.gsd.migrating/exec/05caa66d-d5f6-4344-91dd-57bbdd467914.stdout
.gsd.migrating/exec/12c656dc-2ee6-4c55-9f7e-d480b8432fe1.meta.json
.gsd.migrating/exec/12c656dc-2ee6-4c55-9f7e-d480b8432fe1.stderr
.gsd.migrating/exec/12c656dc-2ee6-4c55-9f7e-d480b8432fe1.stdout
.gsd.migrating/exec/1587aa82-8124-4c14-8f61-df75d46f4e83.meta.json
.gsd.migrating/exec/1587aa82-8124-4c14-8f61-df75d46f4e83.stderr
.gsd.migrating/exec/1587aa82-8124-4c14-8f61-df75d46f4e83.stdout
.gsd.migrating/exec/1c5ca8e7-0d16-478f-8bbf-857576a69cef.meta.json
.gsd.migrating/exec/1c5ca8e7-0d16-478f-8bbf-857576a69cef.stderr
.gsd.migrating/exec/1c5ca8e7-0d16-478f-8bbf-857576a69cef.stdout
.gsd.migrating/exec/23731aef-2f93-4b7b-908b-a3812fc8c305.meta.json
.gsd.migrating/exec/23731aef-2f93-4b7b-908b-a3812fc8c305.stderr
.gsd.migrating/exec/23731aef-2f93-4b7b-908b-a3812fc8c305.stdout
.gsd.migrating/exec/23a5ff47-266a-4d84-a1aa-b029c3526018.meta.json
.gsd.migrating/exec/23a5ff47-266a-4d84-a1aa-b029c3526018.stderr
.gsd.migrating/exec/23a5ff47-266a-4d84-a1aa-b029c3526018.stdout
.gsd.migrating/exec/294e70d3-a28a-4435-8939-9f6ac68728aa.meta.json
.gsd.migrating/exec/294e70d3-a28a-4435-8939-9f6ac68728aa.stderr
.gsd.migrating/exec/294e70d3-a28a-4435-8939-9f6ac68728aa.stdout
.gsd.migrating/exec/29a7152a-6bbd-40da-82d2-e35c99c3207e.meta.json
.gsd.migrating/exec/29a7152a-6bbd-40da-82d2-e35c99c3207e.stderr
.gsd.migrating/exec/29a7152a-6bbd-40da-82d2-e35c99c3207e.stdout
.gsd.migrating/exec/334ca400-cd39-48e9-93c7-c6e8fe575650.meta.json
.gsd.migrating/exec/334ca400-cd39-48e9-93c7-c6e8fe575650.stderr
.gsd.migrating/exec/334ca400-cd39-48e9-93c7-c6e8fe575650.stdout
.gsd.migrating/exec/51f1ce1e-d0a3-4479-81c7-8fcf1e59f80b.meta.json
.gsd.migrating/exec/51f1ce1e-d0a3-4479-81c7-8fcf1e59f80b.stderr
.gsd.migrating/exec/51f1ce1e-d0a3-4479-81c7-8fcf1e59f80b.stdout
.gsd.migrating/exec/51fe291d-8d6e-4964-8643-ee5b3b62bb7f.meta.json
.gsd.migrating/exec/51fe291d-8d6e-4964-8643-ee5b3b62bb7f.stderr
.gsd.migrating/exec/51fe291d-8d6e-4964-8643-ee5b3b62bb7f.stdout
.gsd.migrating/exec/617ef696-912e-4b52-ae52-cc8fc5f86e46.meta.json
.gsd.migrating/exec/617ef696-912e-4b52-ae52-cc8fc5f86e46.stderr
.gsd.migrating/exec/617ef696-912e-4b52-ae52-cc8fc5f86e46.stdout
.gsd.migrating/exec/6796bd70-5757-4572-97ea-af21308c644c.meta.json
.gsd.migrating/exec/6796bd70-5757-4572-97ea-af21308c644c.stderr
.gsd.migrating/exec/6796bd70-5757-4572-97ea-af21308c644c.stdout
.gsd.migrating/exec/6854b480-3db0-44a3-8ca3-9add7ef163d5.meta.json
.gsd.migrating/exec/6854b480-3db0-44a3-8ca3-9add7ef163d5.stderr
.gsd.migrating/exec/6854b480-3db0-44a3-8ca3-9add7ef163d5.stdout
.gsd.migrating/exec/7437d0f6-3cc9-4ef2-a0b1-7540097b2dd9.meta.json
.gsd.migrating/exec/7437d0f6-3cc9-4ef2-a0b1-7540097b2dd9.stderr
.gsd.migrating/exec/7437d0f6-3cc9-4ef2-a0b1-7540097b2dd9.stdout
.gsd.migrating/exec/7441c347-015d-4374-8a59-95616d1d723b.meta.json
.gsd.migrating/exec/7441c347-015d-4374-8a59-95616d1d723b.stderr
.gsd.migrating/exec/7441c347-015d-4374-8a59-95616d1d723b.stdout
.gsd.migrating/exec/7bc9e896-7c1a-4ef0-95af-64732eb270c1.meta.json
.gsd.migrating/exec/7bc9e896-7c1a-4ef0-95af-64732eb270c1.stderr
.gsd.migrating/exec/7bc9e896-7c1a-4ef0-95af-64732eb270c1.stdout
.gsd.migrating/exec/7d809c3c-ee77-475e-bd04-2c7f07470177.meta.json
.gsd.migrating/exec/7d809c3c-ee77-475e-bd04-2c7f07470177.stderr
.gsd.migrating/exec/7d809c3c-ee77-475e-bd04-2c7f07470177.stdout
.gsd.migrating/exec/83db0ebe-b184-4168-8a7f-d060b0ed6495.meta.json
.gsd.migrating/exec/83db0ebe-b184-4168-8a7f-d060b0ed6495.stderr
.gsd.migrating/exec/83db0ebe-b184-4168-8a7f-d060b0ed6495.stdout
.gsd.migrating/exec/869fd992-80c5-40ce-84ab-9eff3a799585.meta.json
.gsd.migrating/exec/869fd992-80c5-40ce-84ab-9eff3a799585.stderr
.gsd.migrating/exec/869fd992-80c5-40ce-84ab-9eff3a799585.stdout
.gsd.migrating/exec/897064a4-feab-4003-b974-19f5e5fff845.meta.json
.gsd.migrating/exec/897064a4-feab-4003-b974-19f5e5fff845.stderr
.gsd.migrating/exec/897064a4-feab-4003-b974-19f5e5fff845.stdout
.gsd.migrating/exec/8a6bffc9-a43c-42d8-a0a4-83722130ef51.meta.json
.gsd.migrating/exec/8a6bffc9-a43c-42d8-a0a4-83722130ef51.stderr
.gsd.migrating/exec/8a6bffc9-a43c-42d8-a0a4-83722130ef51.stdout
.gsd.migrating/exec/9ab2ef8e-02a6-48f0-b4ed-c4fcf18bbac1.meta.json
.gsd.migrating/exec/9ab2ef8e-02a6-48f0-b4ed-c4fcf18bbac1.stderr
.gsd.migrating/exec/9ab2ef8e-02a6-48f0-b4ed-c4fcf18bbac1.stdout
.gsd.migrating/exec/9d353ebe-0454-4af0-ac06-c4088f5e7b97.meta.json
.gsd.migrating/exec/9d353ebe-0454-4af0-ac06-c4088f5e7b97.stderr
.gsd.migrating/exec/9d353ebe-0454-4af0-ac06-c4088f5e7b97.stdout
.gsd.migrating/exec/a99658a5-756f-4d2a-8bd5-52bd7ed11a6f.meta.json
.gsd.migrating/exec/a99658a5-756f-4d2a-8bd5-52bd7ed11a6f.stderr
.gsd.migrating/exec/a99658a5-756f-4d2a-8bd5-52bd7ed11a6f.stdout
.gsd.migrating/exec/afb67869-a397-44b6-8d3c-bf1e55dc638f.meta.json
.gsd.migrating/exec/afb67869-a397-44b6-8d3c-bf1e55dc638f.stderr
.gsd.migrating/exec/afb67869-a397-44b6-8d3c-bf1e55dc638f.stdout
.gsd.migrating/exec/b09d9160-7753-432b-9416-e1b26b46c2df.meta.json
.gsd.migrating/exec/b09d9160-7753-432b-9416-e1b26b46c2df.stderr
.gsd.migrating/exec/b09d9160-7753-432b-9416-e1b26b46c2df.stdout
.gsd.migrating/exec/bfc868f8-b858-4943-b2e6-6e2749270469.meta.json
.gsd.migrating/exec/bfc868f8-b858-4943-b2e6-6e2749270469.stderr
.gsd.migrating/exec/bfc868f8-b858-4943-b2e6-6e2749270469.stdout
.gsd.migrating/exec/bfebf71a-1598-4405-b2b6-8ea05409cff4.meta.json
.gsd.migrating/exec/bfebf71a-1598-4405-b2b6-8ea05409cff4.stderr
.gsd.migrating/exec/bfebf71a-1598-4405-b2b6-8ea05409cff4.stdout
.gsd.migrating/exec/d0eb1791-fe04-4aa3-bff7-390e4fd25200.meta.json
.gsd.migrating/exec/d0eb1791-fe04-4aa3-bff7-390e4fd25200.stderr
.gsd.migrating/exec/d0eb1791-fe04-4aa3-bff7-390e4fd25200.stdout
.gsd.migrating/exec/d212d209-96d2-4b18-9eda-8f1c03e66f1a.meta.json
.gsd.migrating/exec/d212d209-96d2-4b18-9eda-8f1c03e66f1a.stderr
.gsd.migrating/exec/d212d209-96d2-4b18-9eda-8f1c03e66f1a.stdout
.gsd.migrating/exec/d5ea96b6-bc78-4ff4-9d28-f01059cfbd34.meta.json
.gsd.migrating/exec/d5ea96b6-bc78-4ff4-9d28-f01059cfbd34.stderr
.gsd.migrating/exec/d5ea96b6-bc78-4ff4-9d28-f01059cfbd34.stdout
.gsd.migrating/exec/edac6f4a-5606-45bf-8940-d4cb5a1bf5d7.meta.json
.gsd.migrating/exec/edac6f4a-5606-45bf-8940-d4cb5a1bf5d7.stderr
.gsd.migrating/exec/edac6f4a-5606-45bf-8940-d4cb5a1bf5d7.stdout
.gsd.migrating/exec/f60eba1d-953c-45c3-ba52-b4d0554b9c89.meta.json
.gsd.migrating/exec/f60eba1d-953c-45c3-ba52-b4d0554b9c89.stderr
.gsd.migrating/exec/f60eba1d-953c-45c3-ba52-b4d0554b9c89.stdout
.gsd.migrating/exec/f681ca5b-7754-4d8b-b1e9-399162489f9b.meta.json
.gsd.migrating/exec/f681ca5b-7754-4d8b-b1e9-399162489f9b.stderr
.gsd.migrating/exec/f681ca5b-7754-4d8b-b1e9-399162489f9b.stdout
.gsd.migrating/github-sync.json
.gsd.migrating/graphs/graph.json
.gsd.migrating/gsd.db-shm
.gsd.migrating/gsd.db-wal
.gsd.migrating/journal/2026-05-12.jsonl
.gsd.migrating/metrics.json
.gsd.migrating/milestones/M008/M008-ROADMAP.md
.gsd.migrating/milestones/M008/anchors/plan-slice.json
.gsd.migrating/milestones/M008/anchors/research-slice.json
.gsd.migrating/milestones/M008/slices/S02/S02-ASSESSMENT.md
.gsd.migrating/milestones/M008/slices/S02/S02-PLAN.md
.gsd.migrating/milestones/M008/slices/S02/S02-PRE-EXEC-VERIFY.json
.gsd.migrating/milestones/M008/slices/S02/S02-RESEARCH.md
.gsd.migrating/milestones/M008/slices/S02/S02-SUMMARY.md
.gsd.migrating/milestones/M008/slices/S02/S02-UAT.md
.gsd.migrating/milestones/M008/slices/S02/tasks/T01-PLAN.md
.gsd.migrating/milestones/M008/slices/S02/tasks/T01-SUMMARY.md
.gsd.migrating/milestones/M008/slices/S02/tasks/T01-VERIFY.json
.gsd.migrating/milestones/M008/slices/S02/tasks/T02-PLAN.md
.gsd.migrating/milestones/M008/slices/S02/tasks/T02-SUMMARY.md
.gsd.migrating/milestones/M008/slices/S02/tasks/T02-VERIFY.json
.gsd.migrating/milestones/M008/slices/S03/S03-ASSESSMENT.md
.gsd.migrating/milestones/M008/slices/S03/S03-PLAN.md
.gsd.migrating/milestones/M008/slices/S03/S03-SUMMARY.md
.gsd.migrating/milestones/M008/slices/S03/S03-UAT.md
.gsd.migrating/milestones/M008/slices/S03/tasks/T01-PLAN.md
.gsd.migrating/milestones/M008/slices/S03/tasks/T01-SUMMARY.md
.gsd.migrating/milestones/M008/slices/S03/tasks/T02-PLAN.md
.gsd.migrating/milestones/M008/slices/S03/tasks/T02-SUMMARY.md
.gsd.migrating/milestones/M008/slices/S03/tasks/T03-PLAN.md
.gsd.migrating/milestones/M008/slices/S03/tasks/T03-SUMMARY.md
.gsd.migrating/milestones/M008/slices/S04/S04-ASSESSMENT.md
.gsd.migrating/milestones/M008/slices/S04/S04-PLAN.md
.gsd.migrating/milestones/M008/slices/S04/S04-SUMMARY.md
.gsd.migrating/milestones/M008/slices/S04/S04-UAT.md
.gsd.migrating/milestones/M008/slices/S04/tasks/T01-PLAN.md
.gsd.migrating/milestones/M008/slices/S04/tasks/T01-SUMMARY.md
.gsd.migrating/milestones/M008/slices/S04/tasks/T01-VERIFY.json
.gsd.migrating/milestones/M008/slices/S05/S05-PLAN.md
.gsd.migrating/milestones/M008/slices/S05/tasks/T01-PLAN.md
.gsd.migrating/milestones/M008/slices/S05/tasks/T02-PLAN.md
.gsd.migrating/milestones/M009/M009-ROADMAP.md
.gsd.migrating/notifications.jsonl
.gsd.migrating/runtime/rtk-session-baselines.json
.gsd.migrating/runtime/uat-count-M008-S02.json
.gsd.migrating/runtime/uat-count-M008-S03.json
.gsd.migrating/runtime/uat-count-M008-S04.json
.gsd.migrating/runtime/uok-parity.jsonl
.gsd.migrating/runtime/uok-plan-v2-graph.json
.gsd.migrating/runtime/uok-writer-sequence.json
.gsd.migrating/safety/evidence-M008-S04-T01.json.tmp.66a37864
.gsd.migrating/state-manifest.json
1)
