=== Slice S02 Verification ===

--- 1. Git tracking check (all four files should be UNTRACKED) ---
(empty = none tracked = PASS)

--- 2. File existence checks ---
PASS:  removed from disk
PASS:  removed from disk
PASS:  removed from disk
PASS:  removed from disk

--- 3. audit/ directory check ---
PASS: audit/ directory removed

--- 4. Canonical audit module untouched ---
PASS: backend/heretek_swarm/audit/ exists (untouched)
__init__.py
cli.py
report.py
severity.py
stub_patterns.py

--- 5. No stale imports referencing deleted files ---
PASS: No stale references to deleted files in backend/

--- 6. No stale imports of root audit/cli.py from backend/ ---
