=== explorer.py classes ===
class OpportunityType(StrEnum):
class ThreatLevel(StrEnum):
class AnomalyType(StrEnum):
class Opportunity:
class Anomaly:
class IntelligenceReport:
class ResearchState(StrEnum):
class ResearchProgress:
class Pattern:
class ExplorerAgent(
=== explorer/__init__.py exports ===
from __future__ import annotations
from heretek_swarm.actors.explorer.agent import ExplorerAgent
from heretek_swarm.actors.explorer.pathfinding import ExplorerPathfindingMixins
from heretek_swarm.actors.explorer.types import (
__all__ = [
=== explorer/agent.py classes ===
class ExplorerAgent(
=== explorer/types.py classes ===
class OpportunityType(StrEnum):
class ThreatLevel(StrEnum):
class AnomalyType(StrEnum):
class ResearchState(StrEnum):
class Opportunity:
class Anomaly:
class IntelligenceReport:
class ResearchProgress:
class Pattern:
