=== Python launchers ===
/usr/bin/python3
no python
no py

=== PATH ===
/usr/local/sbin
/usr/local/bin
/usr/sbin
/usr/bin
/sbin
/bin
/usr/games
/usr/local/games
/usr/lib/wsl/lib
/mnt/c/Users/Derek/.gsd/agent/bin
/mnt/c/Program Files/PowerShell/7
/mnt/c/Program Files/Eclipse Adoptium/jdk-25.0.3.9-hotspot/bin
/mnt/c/Program Files/Amazon Corretto/jdk21.0.11_10/bin
/mnt/c/Program Files/Eclipse Adoptium/jdk-17.0.18.8-hotspot/bin
/mnt/c/Program Files/Meta Horizon/Support/oculus-runtime
/mnt/c/Python314/Scripts/
/mnt/c/Python314/
/mnt/c/Program Files (x86)/NVIDIA Corporation/PhysX/Common
/mnt/c/Program Files/Python311/Scripts/
/mnt/c/Program Files/Python311/

=== Docker Desktop connectivity ===

The command 'docker' could not be found in this WSL 2 distro.
We recommend to activate the WSL integration in Docker Desktop settings.

For details about using Docker Desktop with WSL 2, visit:

=== WSL distros ===
no wsl command

=== Check for docker context ===

The command 'docker' could not be found in this WSL 2 distro.
We recommend to activate the WSL integration in Docker Desktop settings.

For details about using Docker Desktop with WSL 2, visit:

https://docs.docker.com/go/wsl2/

