=== Test count ===
tests/test_actor_lifecycle.py
tests/test_actor_routing.py
tests/test_agent_factory.py
tests/test_agent_tools.py
tests/test_chronos_ticks.py
=== Test file count ===
46
=== Check pyproject.toml paths ===
6:name = "heretek-swarm"
13:    {name = "Heretek AI", email = "engineering@heretek.ai"}
61:    "heretek-swarm[core]",
84:    "heretek-swarm[agents]",
92:    "heretek-swarm[full]",
118:heretek-swarm = "heretek_swarm.cli:cli"
121:Homepage = "https://github.com/heretek-ai/heretek-swarm"
122:Documentation = "https://github.com/heretek-ai/heretek-swarm/tree/main/docs"
123:Repository = "https://github.com/heretek-ai/heretek-swarm"
124:Issues = "https://github.com/heretek-ai/heretek-swarm/issues"
=== Check CI workflows ===
.github/workflows/publish-npm.yml:2:# a "Publish" connection to the heretek-swarm repository in npm settings.
.github/workflows/publish-python.yml:73:          heretek-swarm --help || true
.github/workflows/publish-python.yml:86:      url: https://pypi.org/project/heretek-swarm
=== Dockerfile paths ===
backend/Dockerfile:7:# Build context: repo root (where pyproject.toml lives)
backend/Dockerfile:23:COPY pyproject.toml uv.lock ./
backend/Dockerfile:24:COPY backend ./backend
backend/Dockerfile:47:COPY --from=builder --chown=appuser:appgroup /app/.venv /app/.venv
backend/Dockerfile:50:COPY --from=builder --chown=appuser:appgroup /app/backend /app/backend
backend/Dockerfile:52:# Copy migrations from build context root
backend/Dockerfile:53:COPY --chown=appuser:appgroup migrations /app/migrations
docker-compose.yml:76:      context: .
docker-compose.yml:77:      dockerfile: backend/Dockerfile
docker-compose.yml:120:      context: ./swarm-dashboard
docker-compose.yml:121:      dockerfile: Dockerfile
