/bin/bash: line 1: AgentActor: command not found
/bin/bash: line 1: ActorFactory: command not found
/bin/bash: line 1: __init__.py: command not found
/bin/bash: line 1: heretek-swarm/heretek_swarm/actors/: Is a directory
/bin/bash: line 1: AgentActor: command not found
/bin/bash: line 1: base/core.py: No such file or directory
/bin/bash: line 1: .py: command not found
/bin/bash: line 1: actors/empath.py: No such file or directory
/bin/bash: line 1: EmpathAgent: command not found
/bin/bash: line 1: agent.py: command not found
/bin/bash: line 1: actors/triad/agent.py: No such file or directory
/bin/bash: line 1: actors/triad/balancing.py: No such file or directory
/bin/bash: line 1: AgentActor: command not found
/bin/bash: line 1: heretek_swarm/actors/base/core.py: No such file or directory
/bin/bash: line 1: __init__: command not found
/bin/bash: command substitution: line 2: syntax error: unexpected end of file
/bin/bash: command substitution: line 2: syntax error: unexpected end of file
/bin/bash: command substitution: line 2: syntax error: unexpected end of file
/bin/bash: line 1: structlog: command not found
/bin/bash: line 1: base/: No such file or directory
/bin/bash: line 1: base/core.py: No such file or directory
/bin/bash: line 1: AgentActor: command not found
/bin/bash: line 1: base/message_handling.py: No such file or directory
/bin/bash: line 1: base/state_management.py: No such file or directory
/bin/bash: line 1: heretek_swarm/actors/mixins/: No such file or directory
/bin/bash: line 1: AgentActor: command not found
/bin/bash: line 1: AuditMixin: command not found
/bin/bash: line 1: mixins/audit.py: No such file or directory
/bin/bash: line 1: DeliberationMixin: command not found
/bin/bash: line 1: mixins/deliberation.py: No such file or directory
/bin/bash: line 1: HealthReportingMixin: command not found
/bin/bash: line 1: mixins/health_reporting.py: No such file or directory
/bin/bash: line 1: LearningMixin: command not found
/bin/bash: line 1: mixins/learning.py: No such file or directory
/bin/bash: line 1: MemoryMixin: command not found
/bin/bash: line 1: mixins/memory.py: No such file or directory
/bin/bash: line 1: MemoryAccessMixin: command not found
/bin/bash: line 1: mixins/memory_access.py: No such file or directory
/bin/bash: line 1: PatternMixin: command not found
/bin/bash: line 1: mixins/pattern.py: No such file or directory
/bin/bash: line 1: PatternConsumerMixin: command not found
/bin/bash: line 1: mixins/pattern_consumer.py: No such file or directory
/bin/bash: line 1: TribunalMixin: command not found
/bin/bash: line 1: mixins/tribunal.py: No such file or directory
/bin/bash: line 1: ValidationMixin: command not found
/bin/bash: line 1: mixins/validation.py: No such file or directory
/bin/bash: line 1: ActorSupervisor: command not found
/bin/bash: line 1: supervisor.py: command not found
/bin/bash: line 1: AuditMixin: command not found
/bin/bash: line 1: ValidationMixin: command not found
/bin/bash: line 1: HealthReportingMixin: command not found
/bin/bash: line 1: PatternMixin: command not found
/bin/bash: line 1: AgentActor: command not found
/bin/bash: line 1: ActorFactory: command not found
/bin/bash: line 1: factory.py: command not found
/bin/bash: command substitution: line 1: syntax error near unexpected token `name,'
/bin/bash: command substitution: line 1: `register_actor_class(name, cls)'
/bin/bash: command substitution: line 1: syntax error near unexpected token `actor_type,'
/bin/bash: command substitution: line 1: `create_actor(actor_type, **kwargs)'
/bin/bash: command substitution: line 2: syntax error: unexpected end of file
/bin/bash: line 1: python: command not found
/bin/bash: line 3: QA Agent — validates output quality and consistency.: command not found
/bin/bash: line 5: import: command not found
/bin/bash: line 6: from: command not found
/bin/bash: command substitution: line 7: syntax error near unexpected token `('
/bin/bash: command substitution: line 7: `from heretek_swarm.actors.mixins import ('
/bin/bash: line 1: __init__.py: command not found
/bin/bash: line 1: python: command not found
/bin/bash: line 3: from: command not found
/bin/bash: line 1: python: command not found
/bin/bash: line 2: from: command not found
/bin/bash: line 3: from: command not found
/bin/bash: command substitution: line 5: syntax error near unexpected token `('
/bin/bash: command substitution: line 5: `factory = get_factory()'
/bin/bash: line 1: python: command not found
/bin/bash: line 2: import: command not found
/bin/bash: line 3: from: command not found
/bin/bash: command substitution: line 5: syntax error near unexpected token `('
/bin/bash: command substitution: line 5: `async def main():'
/bin/bash: line 1: triad/agent.py: No such file or directory
/bin/bash: line 1: triad/agent.py: No such file or directory
/bin/bash: line 1: triad/agent.py: No such file or directory
/bin/bash: line 1: triad/agent.py: No such file or directory
/bin/bash: line 1: historian.py: command not found
/bin/bash: line 1: metis.py: command not found
/bin/bash: line 1: empath.py: command not found
/bin/bash: line 1: perceiver.py: command not found
/bin/bash: line 1: echo.py: command not found
/bin/bash: line 1: explorer/agent.py: No such file or directory
/bin/bash: line 1: examiner/agent.py: No such file or directory
/bin/bash: line 1: dreamer/agent.py: No such file or directory
/bin/bash: line 1: coder.py: command not found
/bin/bash: line 1: sentinel/agent.py: No such file or directory
/bin/bash: line 1: sentinel_prime/agent.py: No such file or directory
/bin/bash: line 1: arbiter/core.py: No such file or directory
/bin/bash: line 1: coordinator/agent.py: No such file or directory
/bin/bash: line 1: nexus/agent.py: No such file or directory
/bin/bash: line 1: catalyst.py: command not found
/bin/bash: line 1: chronos/agent.py: No such file or directory
/bin/bash: line 1: prism/agent.py: No such file or directory
/bin/bash: line 1: habit_forge/agent.py: No such file or directory
/bin/bash: line 1: perceiver_plus/agent.py: No such file or directory
/bin/bash: line 3: pip: command not found
/bin/bash: line 4: pytest: command not found
/bin/bash: line 1: docker-compose.yml: command not found
/bin/bash: line 3: python: command not found
/bin/bash: line 1: pytest: command not found
/bin/bash: line 1: pytest: command not found
/bin/bash: line 1: pytest: command not found
/bin/bash: line 1: pytest: command not found
/bin/bash: line 1: python: command not found
/bin/bash: line 3: import: command not found
/bin/bash: line 4: from: command not found
/bin/bash: line 6: @pytest.mark.asyncio: command not found
/bin/bash: command substitution: line 7: syntax error near unexpected token `('
/bin/bash: command substitution: line 7: `async def test_qa_agent_init():'
