'0' not on disk
=== File .gitignore exists? ===
YES
=== Current .gitignore content ===
# Python
__pycache__/
*.py[cod]
*$py.class
*.so
.Python
build/
develop-eggs/
dist/
downloads/
eggs/
.eggs/
lib/
lib64/
parts/
sdist/
var/
wheels/
*.egg-info/
.installed.cfg
*.egg
MANIFEST

# Virtual Environment
venv/
env/
ENV/
.venv/

# IDE
.vscode/
.idea/
*.swp
*.swo
*~

# Environment variables
.env
.env.local
.env.*.local

# Secrets and credentials
# Config directory (user-specific overrides)
config/
# Exception: keep template files
!config/*.example.json
!config/litellm_config.yaml
!config/otel-collector-config.yaml
*.key
*.pem
