=== SMOKE TEST 1: structlog.configure count in config.py ===
config.py count:  (expected: 1)
FAIL

=== SMOKE TEST 2: structlog.configure count in core.py ===
core.py count:  (expected: 0)
FAIL

=== SMOKE TEST 3: structlog.configure count in otel/logging.py ===
otel/logging.py count:  (expected: 0)
FAIL

=== TEST CASE 1: All structlog.configure() calls in codebase ===
heretek-swarm/heretek_swarm/infrastructure/otel/logging.py:11:calls ``structlog.configure()``.
heretek-swarm/heretek_swarm/logging/config.py:163:    structlog.configure(
Expected: only config.py should have the call.

=== TEST CASE 2a: core.py imports get_logger from canonical path ===
27:from heretek_swarm.logging.config import get_logger
PASS

=== TEST CASE 2b: core.py has no direct 'import structlog' at top level ===
PASS: no top-level import structlog

=== TEST CASE 3a: otel/logging.py imports setup_logging from canonical path ===
20:from heretek_swarm.logging.config import setup_logging as _setup_logging
PASS

=== TEST CASE 3b: init_logging() delegates to _setup_logging() ===
71:    _setup_logging(
PASS

=== EDGE CASE: structlog.configure lines in otel/logging.py ===
11:calls ``structlog.configure()``.
FOUND
Expected: only docstring mention at line 11
