=== T01: Verify stale dirs gone ===
GONE: 
GONE: 
GONE: 
GONE: 

=== T01: Verify heretek_swarm/agent_workspace NOT deleted ===
SAFE: backend/heretek_swarm/agent_workspace still present

=== T02: test file counts ===
tests/*.py count: 62
backend/tests/ exists: NO

=== List new test files in tests/ ===
tests/test_auto_routing_integration.py
tests/test_complexity_heuristic.py
tests/test_consciousness_api.py
tests/test_consensus_api_auth.py
tests/test_consensus_audit_jsonl.py
tests/test_consensus_cli.py
tests/test_consensus_coordinator.py
tests/test_consensus_runtime.py
tests/test_consensus_websocket.py
tests/test_domain_selector.py
tests/test_goal_cli.py
tests/test_goal_consensus.py
tests/test_goal_pipeline.py
tests/test_goal_proposer.py
tests/test_goal_store.py
tests/test_goal_translator.py
tests/test_workflow_api.py
tests/test_workflow_consensus_node.py
tests/test_workflow_data_flow.py
tests/test_workflow_e2e_nodes.py
tests/test_workflow_llm_node.py
tests/test_workflow_persistence.py
tests/test_workflow_validation.py
