=== Garbage =X.Y.Z files ===
=.0*: cannot open `=.0*' (No such file or directory)

=== Stale root audit/ ===
cli.py

=== Stale triage_classifier.py ===
#!/usr/bin/env python3
"""
Automated triage classifier for CRITICAL audit findings.

Parses audit-report.md CRITICAL section, cross-references each finding with
AST analysis, and classifies into four buckets:
  1. WONTFIX  — intentional graceful degradation
  2. FIX      — dead code to remove
  3. REVIEW   — ambiguous, needs human judgment
  4. STUB     — pass-only stub to implement

Reduces 381 manual decisions to ~30 ambiguous REVIEW items.

Outputs: triage_data.json
"""

from __future__ import annotations

import ast
import json

=== Root-level stale .py files ===
triage_classifier.py

=== .gsd/ structure ===
.gsd/CODEBASE.md
.gsd/PROJECT.md
.gsd/STATE.md
.gsd/last-snapshot.md

=== Recent git log (most recent commits) ===
9aabeb6 chore: auto-commit after complete-milestone
e85e43f gsd snapshot: pre-dispatch, uncommitted changes after 41m inactivity
09ffbe6 chore: auto-commit after reactive-execute
ce2d537 gsd snapshot: pre-dispatch, uncommitted changes after 115m inactivity
23b7393 chore: Updated 10 path references across ci.yml and ci-cd.yml from stal…
2775c19 feat: Updated 8 path references across pyproject.toml, backend/Dockerfi…
23ebeef gsd snapshot: pre-dispatch, uncommitted changes after 35m inactivity
2742c0a feat: Renamed heretek-swarm/ to backend/ via git mv, preserving full gi…
cedeb38 merge with main
8ed383d Merge branch 'main' of https://github.com/Heretek-AI/heretek-swarm
c2c9131 feat: Rename heretek-swarm/ to backend/ via git mv
cd14ac9 gsd snapshot: pre-dispatch, uncommitted changes after 443m inactivity
a200d2f chore: auto-commit after complete-milestone
c6f9233 chore: Synthesized FILE_INVENTORY.md, IMPORT_MAP.md, and CI_IMPACT.md i…
68ff115 chore: Cataloged 22 path-change sites across 8 CI/config files with per…
