=== FLAT FILES ===
alpha.py
arbiter.py
base.py
beta.py
catalyst.py
charlie.py
chronos.py
coder.py
dreamer.py
echo.py
empath.py
examiner.py
explorer.py
factory.py
habit_forge.py
handoff.py
handoff_handlers.py
historian.py
langroid_adapter.py
metis.py
perceiver.py
perceiver_plus.py
prism.py
profiling.py
sentinel_prime.py
steward.py
stubs.py
supervisor.py
triad.py
validation.py

=== SUBPACKAGES ===
arbiter
base
chronos
coordinator
docs
dreamer
examiner
explorer
habit_forge
mixins
nexus
perceiver_plus
prism
sentinel
sentinel_prime
triad
