docs/AGENTS.md
docs/AGENT_ARCHITECTURE.md
docs/AGENT_REFERENCE.md
docs/API_ENDPOINTS.md
docs/API_REFERENCE.md
docs/ARCHITECTURE.md
docs/AUTONOMOUS_WORKFLOW.md
docs/BETA_AGENT_README.md
docs/CODEBASE_AUDIT.md
docs/CORE_ACTORS.md
docs/DEPLOYMENT.md
docs/INDEX.md
docs/MAIN_PROMPT.md
docs/MEMORY_SYSTEM.md
docs/MONITORING.md
docs/PROMETHEUS_METRICS.md
docs/PROTOCOL_SPEC.md
docs/architecture/ARCHITECTURE_REALITY.md
docs/architecture/EXTERNAL_PATTERNS_ANALYSIS.md
docs/architecture/actors-system.md
docs/architecture/collective-learning.md
docs/architecture/consensus-mechanism.md
docs/architecture/emergent-intelligence.md
docs/architecture/memory-system.md
docs/architecture/observability.md
docs/architecture/orchestration-system.md
docs/architecture/plugins.md
docs/architecture/state-management.md
docs/architecture/tools-system.md
