./heretek_swarm/actors/explorer/agent.py:29:from heretek_swarm.actors.explorer.pathfinding import ExplorerPathfindingMixins
./heretek_swarm/actors/explorer/agent.py:178:from heretek_swarm.actors.explorer.types import (  # noqa: E402
./heretek_swarm/actors/explorer/pathfinding.py:21:from heretek_swarm.actors.explorer.types import (
./heretek_swarm/actors/explorer/pathfinding.py:987:        from heretek_swarm.actors.explorer.types import Pattern as PatternType
./heretek_swarm/actors/explorer/__init__.py:8:Import paths like `from heretek_swarm.actors.explorer import ExplorerAgent` continue to work.
./heretek_swarm/actors/explorer/__init__.py:18:from heretek_swarm.actors.explorer.agent import ExplorerAgent
./heretek_swarm/actors/explorer/__init__.py:21:from heretek_swarm.actors.explorer.pathfinding import ExplorerPathfindingMixins
./heretek_swarm/actors/explorer/__init__.py:24:from heretek_swarm.actors.explorer.types import (
./heretek_swarm/api/main.py:206:    from heretek_swarm.actors.catalyst import CatalystAgent
./heretek_swarm/api/main.py:208:    from heretek_swarm.actors.coder import CoderAgent
./heretek_swarm/api/main.py:213:    from heretek_swarm.actors.echo import EchoActor
./heretek_swarm/api/main.py:214:    from heretek_swarm.actors.empath import EmpathAgent
./heretek_swarm/api/main.py:218:    from heretek_swarm.actors.explorer import ExplorerAgent
./heretek_swarm/api/main.py:222:    from heretek_swarm.actors.historian import HistorianAgent
./heretek_swarm/api/main.py:223:    from heretek_swarm.actors.metis import MetisAgent
./heretek_swarm/api/main.py:225:    from heretek_swarm.actors.perceiver import PerceiverAgent
./heretek_swarm/goals/translator.py:12:from heretek_swarm.actors.metis import MetisAgent
./heretek_swarm/runtime/main_loop.py:735:        from heretek_swarm.actors.catalyst import CatalystAgent
./heretek_swarm/runtime/main_loop.py:737:        from heretek_swarm.actors.coder import CoderAgent
./heretek_swarm/runtime/main_loop.py:742:        from heretek_swarm.actors.echo import EchoActor
./heretek_swarm/runtime/main_loop.py:743:        from heretek_swarm.actors.empath import EmpathAgent
./heretek_swarm/runtime/main_loop.py:747:        from heretek_swarm.actors.explorer import ExplorerAgent
./heretek_swarm/runtime/main_loop.py:751:        from heretek_swarm.actors.historian import HistorianAgent
./heretek_swarm/runtime/main_loop.py:752:        from heretek_swarm.actors.metis import MetisAgent
./heretek_swarm/runtime/main_loop.py:754:        from heretek_swarm.actors.perceiver import PerceiverAgent
