84b2b07 docs: Authored M008-SUMMARY.md documenting all 5 slice outcomes, full s…
dd1de1f Merge branch 'main' of https://github.com/Heretek-AI/heretek-swarm
e0c8908 fix: Replaced 7 stale src/ path-string references across 4 Python sourc…
dae7922 gsd snapshot: uncommitted changes after 65m inactivity
913d146 feat: Deleted all four stale root files (triage_classifier.py, audit/cl…
63a3404 feat: Git-rm'd all 13 tracked garbage files (=*.0 pip artifacts + 0 gre…
a2e9393 gsd snapshot: pre-dispatch, uncommitted changes after 194m inactivity
9aabeb6 chore: auto-commit after complete-milestone
e85e43f gsd snapshot: pre-dispatch, uncommitted changes after 41m inactivity
09ffbe6 chore: auto-commit after reactive-execute
ce2d537 gsd snapshot: pre-dispatch, uncommitted changes after 115m inactivity
23b7393 chore: Updated 10 path references across ci.yml and ci-cd.yml from stal…
2775c19 feat: Updated 8 path references across pyproject.toml, backend/Dockerfi…
23ebeef gsd snapshot: pre-dispatch, uncommitted changes after 35m inactivity
2742c0a feat: Renamed heretek-swarm/ to backend/ via git mv, preserving full gi…
cedeb38 merge with main
8ed383d Merge branch 'main' of https://github.com/Heretek-AI/heretek-swarm
c2c9131 feat: Rename heretek-swarm/ to backend/ via git mv
cd14ac9 gsd snapshot: pre-dispatch, uncommitted changes after 443m inactivity
a200d2f chore: auto-commit after complete-milestone
