=== Migrations ===
total 164
drwxrwxrwx 1 john john   512 Apr 29 10:03 .
drwxrwxrwx 1 john john   512 May 12 19:48 ..
-rwxrwxrwx 1 john john  4912 Apr 29 10:03 001_create_swarm_memories.sql
-rwxrwxrwx 1 john john  3160 Apr 29 10:03 002_create_agent_states.sql
-rwxrwxrwx 1 john john  3558 Apr 29 10:03 003_create_workflow_states.sql
-rwxrwxrwx 1 john john  4642 Apr 29 10:03 004_create_consensus_votes.sql
-rwxrwxrwx 1 john john 16240 Apr 29 10:03 005_create_collective_learning_tables.sql
-rwxrwxrwx 1 john john 25567 Apr 29 10:03 006_create_consensus_enhancement_tables.sql
-rwxrwxrwx 1 john john 25543 Apr 29 10:03 007_create_memory_optimization_tables.sql
-rwxrwxrwx 1 john john 24362 Apr 29 10:03 008_create_agent_wiring_state_tables.sql
-rwxrwxrwx 1 john john 16894 Apr 29 10:03 009_create_configuration_tables.sql
-rwxrwxrwx 1 john john  2103 Apr 29 10:03 010_create_external_call_logs.sql
-rwxrwxrwx 1 john john  1150 Apr 29 10:03 011_create_infrastructure_config_table.sql
-rwxrwxrwx 1 john john 13996 Apr 29 10:03 README.md
drwxrwxrwx 1 john john   512 Apr 29 10:03 rollbacks
drwxrwxrwx 1 john john   512 Apr 29 10:03 scripts
migrations/001_create_swarm_memories.sql
migrations/002_create_agent_states.sql
migrations/003_create_workflow_states.sql
migrations/004_create_consensus_votes.sql
migrations/005_create_collective_learning_tables.sql
migrations/006_create_consensus_enhancement_tables.sql
migrations/007_create_memory_optimization_tables.sql
migrations/008_create_agent_wiring_state_tables.sql
migrations/009_create_configuration_tables.sql
migrations/010_create_external_call_logs.sql
migrations/011_create_infrastructure_config_table.sql
migrations/rollbacks/005_rollback_collective_learning.sql
migrations/rollbacks/006_rollback_consensus_enhancement.sql
migrations/rollbacks/007_rollback_memory_optimization.sql
migrations/rollbacks/008_rollback_agent_wiring_state.sql

=== Conftest fixture analysis ===
9:* An **autouse** fixture that clears ``get_supervisor().actors`` after every
16:  loop's default exception handler during teardown when background tasks
47:    def filter(self, record: logging.LogRecord) -> bool:
56:@pytest.fixture
57:def mock_agent() -> MagicMock:
70:@pytest.fixture
71:def mock_agent_dict() -> dict:
85:@pytest.fixture(autouse=True)
86:def _clear_supervisor_actors() -> Generator[None, None, None]:

=== Lifecycle test structure ===

=== Docker compose health check analysis ===
x-healthcheck-defaults: &healthcheck-defaults
  interval: 30s
  timeout: 10s
--
    healthcheck:
      <<: *healthcheck-defaults
      test: ["CMD-SHELL", "pg_isready -U ${POSTGRES_USER:-postgres} -d ${POSTGRES_DB:-heretek_swarm}"]
    restart: unless-stopped
--
    healthcheck:
      <<: *healthcheck-defaults
      test: ["CMD", "redis-cli", "ping"]
    restart: unless-stopped
--
    healthcheck:
      <<: *healthcheck-defaults
      test: ["CMD-SHELL", "curl -sf http://localhost:6333/healthz || exit 1"]
    restart: unless-stopped
--
    healthcheck:
      <<: *healthcheck-defaults
      test: ["CMD-SHELL", "wget --spider -q http://localhost:8222/ || nc -z localhost 4222 || exit 1"]
    restart: unless-stopped
--
    healthcheck:
      <<: *healthcheck-defaults
      test: ["CMD", "curl", "-sf", "http://localhost:8000/health"]
    restart: unless-stopped
