=== no services block ===
PASS
=== no pg_isready ===
PASS
=== no redis-cli ===
PASS
=== no qdrant ===
PASS
=== has 'not integration' ===
PASS
=== no || true in test-python job ===
PASS
=== mypy step no || true ===
PASS
=== Ruff Warning Gate present ===
PASS
=== security-scan still has || true ===
PASS
=== lint-frontend still has || true ===
PASS
=== test-frontend still has || true ===
PASS
=== coverage source = [heretek-swarm] ===
PASS
=== ruff src = [heretek-swarm, tests] ===
PASS

=== ALL DONE ===
