.gsd/milestones
.gsd/milestones/M001
.gsd/milestones/M001/anchors
.gsd/milestones/M001/slices
.gsd/milestones/M001/slices/S01
.gsd/milestones/M001/slices/S01/tasks
.gsd/milestones/M001/slices/S02
.gsd/milestones/M001/slices/S02/tasks
.gsd/milestones/M001/slices/S03
.gsd/milestones/M001/slices/S03/tasks
.gsd/milestones/M002
.gsd/milestones/M002/anchors
.gsd/milestones/M002/slices
.gsd/milestones/M002/slices/S01
.gsd/milestones/M002/slices/S01/tasks
.gsd/milestones/M002/slices/S02
.gsd/milestones/M002/slices/S02/tasks
.gsd/milestones/M002/slices/S03
.gsd/milestones/M002/slices/S03/tasks
.gsd/milestones/M003
.gsd/milestones/M003/anchors
.gsd/milestones/M003/slices
.gsd/milestones/M003/slices/S01
.gsd/milestones/M003/slices/S01/tasks
.gsd/milestones/M003/slices/S02
.gsd/milestones/M003/slices/S02/tasks
.gsd/milestones/M003/slices/S03
.gsd/milestones/M003/slices/S03/tasks
.gsd/milestones/M004
.gsd/milestones/M004/anchors
.gsd/milestones/M004/slices
.gsd/milestones/M004/slices/S01
.gsd/milestones/M004/slices/S01/tasks
.gsd/milestones/M004/slices/S02
.gsd/milestones/M004/slices/S02/tasks
.gsd/milestones/M004/slices/S03
.gsd/milestones/M004/slices/S03/tasks
.gsd/milestones/M005
.gsd/milestones/M005/anchors
.gsd/milestones/M005/slices
.gsd/milestones/M005/slices/S01
.gsd/milestones/M005/slices/S01/tasks
.gsd/milestones/M005/slices/S02
.gsd/milestones/M005/slices/S02/tasks
.gsd/milestones/M005/slices/S03
.gsd/milestones/M005/slices/S03/tasks
.gsd/milestones/M006
.gsd/milestones/M006/slices
.gsd/milestones/M006/slices/S01
.gsd/milestones/M006/slices/S01/tasks
.gsd/milestones/M007
.gsd/milestones/M007/slices
.gsd/milestones/M007/slices/S01
.gsd/milestones/M007/slices/S01/tasks
.gsd/milestones/M007/slices/S02
.gsd/milestones/M007/slices/S02/tasks
.gsd/milestones/M007/slices/S03
.gsd/milestones/M007/slices/S03/tasks
.gsd/milestones/M008
