=== EchoActor ===
95:class EchoActor(
115:    def __init__(
=== HistorianAgent ===
63:    def __init__(self, max_size: int = 100):
172:class HistorianAgent(
192:    def __init__(
=== MetisAgent ===
49:class MetisAgent(
76:    def __init__(
=== PerceiverAgent ===
60:class PerceiverAgent(
88:    def __init__(
=== ChronosAgent ===
55:class ChronosAgent(
95:    def __init__(
=== ExaminerAgent ===
83:class ExaminerAgent(
100:    def __init__(
=== ExplorerAgent ===
41:class ExplorerAgent(
69:    def __init__(
=== HabitForgeAgent ===
59:class HabitForgeAgent(
88:    def __init__(
1019:        class HabitForgeAgentActor(AgentActor):
1020:            def __init__(self, habit_forge: HabitForgeAgent):
=== SentinelAgent ===
84:class SentinelAgent(
115:    def __init__(
=== SentinelPrimeAgent ===
57:class SentinelPrimeAgent(
82:    def __init__(
=== PerceiverPlusAgent ===
51:class PerceiverPlusAgent(
79:    def __init__(
=== ActorSupervisor ===
43:class ActorSupervisor(AuditMixin, ValidationMixin, HealthReportingMixin, PatternMixin, AgentActor):
69:    def __init__(
=== BehaviorProfiler ===
394:    def __init__(self, config: ProfilingConfig):
570:class BehaviorProfiler(ValidationMixin, PatternMixin, HealthReportingMixin, AgentActor):
591:    def __init__(
=== NexusAgent ===
heretek-swarm/heretek_swarm/actors/nexus/agent.py:67:class NexusAgent(
heretek-swarm/heretek_swarm/actors/nexus/agent.py:101:    def __init__(
heretek-swarm/heretek_swarm/actors/nexus/routing.py:31:    def __init__(self) -> None:
=== PrismAgent ===
heretek-swarm/heretek_swarm/actors/prism/agent.py:58:class PrismAgent(
heretek-swarm/heretek_swarm/actors/prism/agent.py:80:    def __init__(
heretek-swarm/heretek_swarm/actors/prism/agent.py:844:        class PrismAgentActor(AgentActor):
heretek-swarm/heretek_swarm/actors/prism/agent.py:845:            def __init__(self, prism: "PrismAgent"):
heretek-swarm/heretek_swarm/actors/prism/transforms.py:293:    def __init__(self, *args: Any, **kwargs: Any) -> None:
heretek-swarm/heretek_swarm/actors/prism/types.py:66:    def __init__(
heretek-swarm/heretek_swarm/actors/prism/types.py:99:    def __init__(
=== ArbiterAgent ===
heretek-swarm/heretek_swarm/actors/arbiter/core.py:138:class ArbiterAgent(DeliberationMixin, PatternMixin, MemoryMixin, LearningMixin, AgentActor):
heretek-swarm/heretek_swarm/actors/arbiter/core.py:146:    def __init__(
=== CoordinatorAgent ===
heretek-swarm/heretek_swarm/actors/coordinator/agent.py:56:class CoordinatorAgent(
heretek-swarm/heretek_swarm/actors/coordinator/agent.py:82:    def __init__(
heretek-swarm/heretek_swarm/actors/coordinator/strategies.py:22:    def __init__(self, tasks: dict[str, "CoordinatedTask"], dependency_graph: dict[str, set[str]]):
heretek-swarm/heretek_swarm/actors/coordinator/strategies.py:101:    def __init__(self):
heretek-swarm/heretek_swarm/actors/coordinator/strategies.py:146:    def __init__(self):
=== DreamerAgent ===
heretek-swarm/heretek_swarm/actors/dreamer/agent.py:66:class DreamerAgent(
heretek-swarm/heretek_swarm/actors/dreamer/agent.py:82:    def __init__(
=== StewardAgent (triad) ===
39:class StewardAgent(
60:    def __init__(
=== AlphaAgent ===
25:class AlphaAgent(HealthReportingMixin, ValidationMixin, LearningMixin, AgentActor):
36:    def __init__(
=== BetaAgent ===
25:class BetaAgent(HealthReportingMixin, ValidationMixin, LearningMixin, AgentActor):
36:    def __init__(
=== CharlieAgent ===
25:class CharlieAgent(HealthReportingMixin, ValidationMixin, LearningMixin, AgentActor):
36:    def __init__(
=== CoderAgent ===
161:class CoderAgent(
171:    def __init__(
=== EmpathAgent ===
39:class EmpathAgent(
67:    def __init__(
=== CatalystAgent ===
156:class CatalystAgent(
182:    def __init__(
