basename: missing operand
Try 'basename --help' for more information.
/bin/bash: line 1: $f: ambiguous redirect
/bin/bash: line 1: cd: /Derek/Desktop/heretek-swarm: No such file or directory
head: cannot open '' for reading: No such file or directory
head: cannot open '' for reading: No such file or directory
head: cannot open '' for reading: No such file or directory
head: cannot open '' for reading: No such file or directory
head: cannot open '' for reading: No such file or directory
head: cannot open '' for reading: No such file or directory
head: cannot open '' for reading: No such file or directory
head: cannot open '' for reading: No such file or directory
head: cannot open '' for reading: No such file or directory
head: cannot open '' for reading: No such file or directory
head: cannot open '' for reading: No such file or directory
head: cannot open '' for reading: No such file or directory
head: cannot open '' for reading: No such file or directory
head: cannot open '' for reading: No such file or directory
head: cannot open '' for reading: No such file or directory
head: cannot open '' for reading: No such file or directory
head: cannot open '' for reading: No such file or directory
head: cannot open '' for reading: No such file or directory
head: cannot open '' for reading: No such file or directory
head: cannot open '' for reading: No such file or directory
head: cannot open '' for reading: No such file or directory
