"""Tests for workflow CRUD API and execution (M010/S01/T02).

Verifies:
- Full CRUD cycle: POST creates, GET by id returns, GET list includes, DELETE removes, GET returns 404 after delete
- PUT updates an existing workflow
- POST /api/workflows/{id}/execute runs workflow through the engine and returns node_results
- POST /api/workflows/validate with valid DAG returns valid=true; with cycle returns valid=false with CIRCULAR_DEPENDENCY
- Error paths: 404 for nonexistent workflow, 422 for invalid definition, execution failure handling
- Persistence: create workflow → reset engine → verify workflow still accessible
"""

from __future__ import annotations

import json
import tempfile
from pathlib import Path
from unittest.mock import AsyncMock, patch

import pytest
from fastapi import FastAPI
from fastapi.testclient import TestClient

from heretek_swarm.api.workflows import router
from heretek_swarm.workflow.engine import WorkflowEngine, _global_engine
from heretek_swarm.workflow.store import FileWorkflowStore


# ---------------------------------------------------------------------------
# Fixtures
# ---------------------------------------------------------------------------
===
"""
Tests for consensus node type in WorkflowEngine.

Verifies that:
- Consensus node calls ConsensusCoordinator.run_consensus() with correct params
- Missing question raises ValueError
- Missing coordinator raises RuntimeError
- Question is read from node.data or input_data
- Timeout and max_rounds are passed through
- Result dict has expected shape
- Observability events are logged
"""

from __future__ import annotations

import asyncio
from dataclasses import dataclass, field
from typing import Any
from unittest.mock import AsyncMock, MagicMock, patch

import pytest

from datetime import UTC, datetime

from heretek_swarm.consensus.maker import ConsensusResult, ConsensusState, Vote
from heretek_swarm.workflow.engine import (
    NodeResult,
    NodeStatus,
    Workflow,
    WorkflowContext,
