Dockerfile
LICENSE
agent_workspace
docs
heretek_swarm
heretek_swarm.db
heretek_swarm.egg-info
test_ws_integration.db
tests
===
__init__.py
agent_workspace
cli.py
===
./heretek-swarm/heretek_swarm/actors/chronos/agent.py
./heretek-swarm/heretek_swarm/actors/coordinator/agent.py
./heretek-swarm/heretek_swarm/actors/dreamer/agent.py
./heretek-swarm/heretek_swarm/actors/examiner/agent.py
./heretek-swarm/heretek_swarm/actors/explorer/agent.py
./heretek-swarm/heretek_swarm/actors/habit_forge/agent.py
./heretek-swarm/heretek_swarm/actors/nexus/agent.py
./heretek-swarm/heretek_swarm/actors/perceiver_plus/agent.py
./heretek-swarm/heretek_swarm/actors/prism/agent.py
./heretek-swarm/heretek_swarm/actors/sentinel/agent.py
===
./heretek-swarm/heretek_swarm/actors/__init__.py
