# Actors Guide

**Quick start:** Create a custom agent in under 30 minutes by subclassing , picking mixins, registering with , and exporting from .

---

## Overview

The Heretek Swarm provides **23 specialized agents** implemented as Python classes under . Each agent subclasses  (defined in ) and composes capability from 10 reusable mixins.

Two conventions coexist:

| Convention | Description | Example |
|---|---|---|
| **Flat file** | Single  file exports one agent class |  →  |
| **Subpackage** | Directory with  + supporting modules | ,  |

---

## Architecture
===LINES_WITH_HASHES===
7:## Overview
20:## Architecture
22:### AgentActor Base Class
39:### Mixin Capability System
58:### MRO (Method Resolution Order) Guidelines
66:### Supervisor
70:### Factory
80:## Creating an Agent
82:### Walkthrough: Custom QA Agent
102:## Quick Reference: All 23 Agents
134:## Running Locally
136:### No-infrastructure mode (unit tests only)
140:### Full stack
154:## Testing Guide
156:### Test files
165:### Writing a test
===INIT_CHECK===
