=== Check 1: heretek-swarm/ in Dockerfile and docker-compose.yml ===
PASS: No heretek-swarm/ references found

=== Check 2: old paths in pyproject.toml ===
PASS: No old heretek-swarm paths in pyproject.toml

=== Check 3: src/ references in CI workflows ===
PASS: No src/ references in CI workflows

=== Check 4: heretek-swarm/ in CI workflows ===
PASS: No heretek-swarm/ references

=== Check 5: --cov=src in CI workflows ===
PASS: No --cov=src references

=== Check 6: Confirm backend/ paths are correct ===
--- pyproject.toml where/source/src directives ---
127:where = ["backend"]
169:source = ["backend"]
180:source = [
219:src = ["backend", "tests"]
--- Dockerfile COPY paths ---
8:# Usage: docker build -f backend/Dockerfile -t heretek-swarm-api .
24:COPY backend ./backend
50:COPY --from=builder --chown=appuser:appgroup /app/backend /app/backend
--- docker-compose.yml paths ---
77:      dockerfile: backend/Dockerfile
--- CI tool paths referencing backend/ ---
.github/workflows/ci.yml:23:          bandit -r backend/ -f json -o bandit-report.json || true
.github/workflows/ci.yml:42:        run: ruff check backend/ tests/
.github/workflows/ci.yml:46:          COUNT=$(ruff check backend/ tests/ --quiet --output-format=concise 2>&1 | wc -l || true)
.github/workflows/ci.yml:56:        run: mypy backend/ --ignore-missing-imports
.github/workflows/ci-cd.yml:34:        run: ruff check backend/ tests/
.github/workflows/ci-cd.yml:37:        run: ruff format --check backend/ tests/
.github/workflows/ci-cd.yml:40:        run: mypy backend/ --ignore-missing-imports || true
.github/workflows/ci-cd.yml:43:        run: bandit -r backend/ -f json -o bandit-report.json || true
--- --cov references ---
.github/workflows/ci.yml:102:          pytest -m "not integration" -x -q --cov=backend --cov-report=xml --cov-report=term
.github/workflows/ci.yml:131:        run: npm test -- --coverage --watchAll=false || true
.github/workflows/ci-cd.yml:137:          pytest tests/ -v --cov=backend --cov-report=xml --cov-report=html --cov-report=term || true
.github/workflows/ci-cd.yml:176:        run: npm test -- --coverage --watchAll=false || true
