28:from heretek_swarm.actors.supervisor import ActorSupervisor
328:            from heretek_swarm.actors.supervisor import get_supervisor
734:        from heretek_swarm.actors.arbiter import ArbiterAgent
735:        from heretek_swarm.actors.catalyst import CatalystAgent
736:        from heretek_swarm.actors.chronos import ChronosAgent
737:        from heretek_swarm.actors.coder import CoderAgent
740:        from heretek_swarm.actors.coordinator import CoordinatorAgent
741:        from heretek_swarm.actors.dreamer import DreamerAgent
742:        from heretek_swarm.actors.echo import EchoActor
743:        from heretek_swarm.actors.empath import EmpathAgent
744:        from heretek_swarm.actors.examiner import ExaminerAgent
747:        from heretek_swarm.actors.explorer import ExplorerAgent
748:        from heretek_swarm.actors.habit_forge import HabitForgeAgent
751:        from heretek_swarm.actors.historian import HistorianAgent
752:        from heretek_swarm.actors.metis import MetisAgent
753:        from heretek_swarm.actors.nexus import NexusAgent
754:        from heretek_swarm.actors.perceiver import PerceiverAgent
755:        from heretek_swarm.actors.perceiver_plus import PerceiverPlusAgent
758:        from heretek_swarm.actors.prism import PrismAgent
761:        from heretek_swarm.actors.sentinel import SentinelAgent
762:        from heretek_swarm.actors.sentinel_prime import SentinelPrimeAgent
763:        from heretek_swarm.actors.triad import AlphaAgent, BetaAgent, CharlieAgent, StewardAgent
1117:            from heretek_swarm.actors.base import ActorMessage
1228:            from heretek_swarm.actors.base import ActorMessage
1268:            from heretek_swarm.actors.base import ActorMessage
1287:            from heretek_swarm.actors.base import ActorMessage
