CWD_FAILED
/mnt/c/Users/Derek/Desktop/heretek-swarm
audit-report.md
audit/cli.py
triage_classifier.py
triage_data.json
===
-rwxrwxrwx 1 john john 16377 Apr 29 10:03 triage_classifier.py
===
-rwxrwxrwx 1 john john 3339 Apr 29 10:03 audit/cli.py
===
-rwxrwxrwx 1 john john 71161 Apr 29 10:03 audit-report.md
===
-rwxrwxrwx 1 john john 173206 Apr 29 10:03 triage_data.json
===
total 4
drwxrwxrwx 1 john john  512 Apr 29 10:03 .
drwxrwxrwx 1 john john  512 May 12 17:16 ..
-rwxrwxrwx 1 john john 3339 Apr 29 10:03 cli.py
DONE
