 21157 total
   498 ./heretek-swarm/tests/test_auto_routing_integration.py
   403 ./heretek-swarm/tests/test_complexity_heuristic.py
   233 ./heretek-swarm/tests/test_consciousness_api.py
   459 ./heretek-swarm/tests/test_consensus_audit_jsonl.py
   501 ./heretek-swarm/tests/test_consensus_cli.py
   759 ./heretek-swarm/tests/test_consensus_coordinator.py
   336 ./heretek-swarm/tests/test_consensus_runtime.py
   460 ./heretek-swarm/tests/test_consensus_websocket.py
   186 ./heretek-swarm/tests/test_domain_selector.py
    91 ./heretek-swarm/tests/test_goal_cli.py
   666 ./heretek-swarm/tests/test_goal_consensus.py
   157 ./heretek-swarm/tests/test_goal_pipeline.py
   217 ./heretek-swarm/tests/test_goal_proposer.py
   336 ./heretek-swarm/tests/test_goal_store.py
    88 ./heretek-swarm/tests/test_goal_translator.py
   372 ./heretek-swarm/tests/test_workflow_persistence.py
     0 ./tests/__init__.py
    96 ./tests/conftest.py
   278 ./tests/test_actor_routing.py
   239 ./tests/test_agent_factory.py
   330 ./tests/test_agent_tools.py
   287 ./tests/test_chronos_ticks.py
   124 ./tests/test_cli_help.py
   449 ./tests/test_cli_output.py
   754 ./tests/test_config_cli.py
   360 ./tests/test_consensus_api_auth.py
   186 ./tests/test_cost_calculation.py
   297 ./tests/test_cross_slice_mcp_routing.py
   261 ./tests/test_daemon.py
   199 ./tests/test_deliberation_flow.py
    68 ./tests/test_docker_config.py
   269 ./tests/test_end_to_end_s03.py
   283 ./tests/test_heartbeat_bus.py
   250 ./tests/test_historian_jsonl.py
   330 ./tests/test_historian_pg.py
   846 ./tests/test_living_loop_integration.py
   296 ./tests/test_main_loop_s03.py
   632 ./tests/test_main_loop_s04.py
   270 ./tests/test_main_loop_s05.py
   216 ./tests/test_mcp_bridge.py
   684 ./tests/test_mcp_tool_toggle.py
   183 ./tests/test_mixin_guards.py
   251 ./tests/test_mixin_integration_s03.py
   401 ./tests/test_model_garage_config.py
    38 ./tests/test_packaging.py
   220 ./tests/test_provider_stats_api.py
   427 ./tests/test_providers_config_api.py
   154 ./tests/test_readme_accuracy.py
   212 ./tests/test_route_task.py
   317 ./tests/test_steward_heartbeats.py
   277 ./tests/test_stub_injection.py
   262 ./tests/test_triad_analysis.py
   154 ./tests/test_usage_recording.py
   559 ./tests/test_workflow_api.py
   512 ./tests/test_workflow_consensus_node.py
   950 ./tests/test_workflow_data_flow.py
   754 ./tests/test_workflow_e2e_nodes.py
   799 ./tests/test_workflow_llm_node.py
   576 ./tests/test_workflow_validation.py
   167 ./tests/test_ws_status_pump.py
   178 ./tests/test_ws_status_pump_integration.py
