=== perceiver.py classes ===
class ModalityType(StrEnum):
class PerceiverAgent(
=== perceiver.py first import ===
"""
Perceiver Agent - Multi-Modal Sensory Input Processing.

The Perceiver agent provides:
- Multi-modal input handling (text, image, audio, video)
- Feature extraction and preprocessing
- Sensory data normalization and encoding
- Cross-modal correlation and fusion
- Input quality assessment and filtering

Named for the ability to perceive and process sensory information from multiple sources.
"""

import asyncio
import hashlib
from datetime import UTC, datetime
from enum import StrEnum
from typing import Any

import structlog
=== perceiver_plus classes ===
class PerceiverPlusAgent(
=== perceiver_plus __init__ classes ===
