=== Python version ===
/bin/bash: line 2: python: command not found

=== pip/uv status ===
/bin/bash: line 5: pip: command not found
pip not available
/bin/bash: line 6: uv: command not found
uv not available

=== Docker status ===

The command 'docker' could not be found in this WSL 2 distro.
We recommend to activate the WSL integration in Docker Desktop settings.

For details about using Docker Desktop with WSL 2, visit:

https://docs.docker.com/go/wsl2/

docker not available

The command 'docker' could not be found in this WSL 2 distro.
We recommend to activate the WSL integration in Docker Desktop settings.

For details about using Docker Desktop with WSL 2, visit:

https://docs.docker.com/go/wsl2/

docker compose not available

=== pytest status ===
/bin/bash: line 13: pytest: command not found
pytest not available

=== ruff status ===
/bin/bash: line 16: ruff: command not found
ruff not available

=== mypy status ===
/bin/bash: line 19: mypy: command not found
mypy not available
