=== Commits with M002 trailers ===
853b083 feat: Audit validation functions and Pydantic models across codebase
=== Commits touching milestone files ===
=== Full commit log with files ===
1494221d feat: Moved IMMUTABLE_RULES, BASELINE_CONFIG and accessor functions int…
 .../heretek_swarm/actors/mixins/validation.py      | 83 +++++++++++++++++++
 heretek-swarm/heretek_swarm/actors/validation.py   | 94 ++++++----------------
 2 files changed, 107 insertions(+), 70 deletions(-)
0d5c6465 gsd snapshot: uncommitted changes after 79m inactivity
 heretek-swarm/agent_workspace/error.txt | 16 ++++++++++++++++
 1 file changed, 16 insertions(+)
7898a2d3 gsd snapshot: uncommitted changes after 38m inactivity
 heretek-swarm/heretek_swarm/actors/base/core.py | 12 ++-
 heretek-swarm/heretek_swarm/schemas/actors.py   | 98 +++++++++++++++++++++++++
 2 files changed, 109 insertions(+), 1 deletion(-)
853b0830 feat: Audit validation functions and Pydantic models across codebase
 .../heretek_swarm/slices/M002/S01/S01-AUDIT.md     | 157 +++++++++++++++++++++
 1 file changed, 157 insertions(+)
b3f9e8a3 chore: auto-commit after complete-milestone
 .gitignore                                     |   2 -
 .gsd.migrating/CODEBASE.md                     | 609 +++++++++++++++++++++++++
 .gsd.migrating/STATE.md                        |  22 +
 .gsd.migrating/auto.lock                       |   7 +
 .gsd.migrating/event-log.jsonl                 |   5 +
 .gsd.migrating/gsd.db-shm                      | Bin 0 -> 32768 bytes
 .gsd.migrating/gsd.db-wal                      | Bin 0 -> 650992 bytes
 .gsd.migrating/last-snapshot.md                |   3 +
 .gsd.migrating/milestones/M001/M001-ROADMAP.md |  26 ++
 .gsd.migrating/milestones/M002/M002-ROADMAP.md |  25 +
 .gsd.migrating/milestones/M003/M003-ROADMAP.md |  26 ++
 .gsd.migrating/milestones/M004/M004-ROADMAP.md |  26 ++
 .gsd.migrating/milestones/M005/M005-ROADMAP.md |  26 ++
 .gsd.migrating/notifications.jsonl             |   1 +
 .gsd.migrating/runtime/write-gate-state.json   |   6 +
 .gsd.migrating/state-manifest.json             | 524 +++++++++++++++++++++
 16 files changed, 1306 insertions(+), 2 deletions(-)
=== Check if schemas/ exists at all ===
