=== All source files ===

=== Check for mixins anywhere ===
./heretek-swarm/heretek_swarm/actors/alpha.py
./heretek-swarm/heretek_swarm/actors/arbiter/core.py
./heretek-swarm/heretek_swarm/actors/beta.py
./heretek-swarm/heretek_swarm/actors/catalyst.py
./heretek-swarm/heretek_swarm/actors/charlie.py
./heretek-swarm/heretek_swarm/actors/chronos/agent.py
./heretek-swarm/heretek_swarm/actors/chronos/handlers.py
./heretek-swarm/heretek_swarm/actors/chronos/scheduler.py
./heretek-swarm/heretek_swarm/actors/coder.py
./heretek-swarm/heretek_swarm/actors/coordinator/agent.py
./heretek-swarm/heretek_swarm/actors/dreamer/agent.py
./heretek-swarm/heretek_swarm/actors/dreamer/generators.py
./heretek-swarm/heretek_swarm/actors/echo.py
./heretek-swarm/heretek_swarm/actors/empath.py
./heretek-swarm/heretek_swarm/actors/examiner/agent.py
./heretek-swarm/heretek_swarm/actors/examiner/testing.py
./heretek-swarm/heretek_swarm/actors/examiner/__init__.py
./heretek-swarm/heretek_swarm/actors/explorer/agent.py
./heretek-swarm/heretek_swarm/actors/explorer/pathfinding.py
./heretek-swarm/heretek_swarm/actors/explorer.py
./heretek-swarm/heretek_swarm/actors/habit_forge/agent.py
./heretek-swarm/heretek_swarm/actors/habit_forge/streaks.py
./heretek-swarm/heretek_swarm/actors/habit_forge/tracking.py
./heretek-swarm/heretek_swarm/actors/handoff.py
./heretek-swarm/heretek_swarm/actors/historian.py
./heretek-swarm/heretek_swarm/actors/langroid_adapter.py
./heretek-swarm/heretek_swarm/actors/metis.py
./heretek-swarm/heretek_swarm/actors/mixins/audit.py
./heretek-swarm/heretek_swarm/actors/mixins/deliberation.py
./heretek-swarm/heretek_swarm/actors/mixins/health_reporting.py
./heretek-swarm/heretek_swarm/actors/mixins/learning.py
./heretek-swarm/heretek_swarm/actors/mixins/memory.py
./heretek-swarm/heretek_swarm/actors/mixins/memory_access.py
./heretek-swarm/heretek_swarm/actors/mixins/pattern.py
./heretek-swarm/heretek_swarm/actors/mixins/pattern_consumer.py
./heretek-swarm/heretek_swarm/actors/mixins/tribunal.py
./heretek-swarm/heretek_swarm/actors/mixins/validation.py
./heretek-swarm/heretek_swarm/actors/mixins/__init__.py
./heretek-swarm/heretek_swarm/actors/nexus/agent.py
./heretek-swarm/heretek_swarm/actors/perceiver.py
./heretek-swarm/heretek_swarm/actors/perceiver_plus/agent.py
./heretek-swarm/heretek_swarm/actors/perceiver_plus/analytics.py
./heretek-swarm/heretek_swarm/actors/prism/agent.py
./heretek-swarm/heretek_swarm/actors/profiling.py
./heretek-swarm/heretek_swarm/actors/sentinel/agent.py
./heretek-swarm/heretek_swarm/actors/sentinel_prime/agent.py
./heretek-swarm/heretek_swarm/actors/steward.py
./heretek-swarm/heretek_swarm/actors/supervisor.py
./heretek-swarm/heretek_swarm/actors/triad/agent.py
./heretek-swarm/heretek_swarm/consciousness/gwt_deliberation.py
./heretek-swarm/heretek_swarm/consensus/audit_query.py
./heretek-swarm/heretek_swarm/gateway/nats_event_mesh.py
