./heretek-swarm/tests/test_auto_routing_integration.py
./heretek-swarm/tests/test_complexity_heuristic.py
./heretek-swarm/tests/test_consciousness_api.py
./heretek-swarm/tests/test_consensus_audit_jsonl.py
./heretek-swarm/tests/test_consensus_cli.py
./heretek-swarm/tests/test_consensus_coordinator.py
./heretek-swarm/tests/test_consensus_runtime.py
./heretek-swarm/tests/test_consensus_websocket.py
./heretek-swarm/tests/test_domain_selector.py
./heretek-swarm/tests/test_goal_cli.py
./heretek-swarm/tests/test_goal_consensus.py
./heretek-swarm/tests/test_goal_pipeline.py
./heretek-swarm/tests/test_goal_proposer.py
./heretek-swarm/tests/test_goal_store.py
./heretek-swarm/tests/test_goal_translator.py
./heretek-swarm/tests/test_workflow_persistence.py
./tests/conftest.py
./tests/test_actor_routing.py
./tests/test_agent_factory.py
./tests/test_agent_tools.py
./tests/test_chronos_ticks.py
./tests/test_cli_help.py
./tests/test_cli_output.py
./tests/test_config_cli.py
./tests/test_consensus_api_auth.py
./tests/test_cost_calculation.py
./tests/test_cross_slice_mcp_routing.py
./tests/test_daemon.py
./tests/test_deliberation_flow.py
./tests/test_docker_config.py
./tests/test_end_to_end_s03.py
./tests/test_heartbeat_bus.py
./tests/test_historian_jsonl.py
./tests/test_historian_pg.py
./tests/test_living_loop_integration.py
./tests/test_main_loop_s03.py
./tests/test_main_loop_s04.py
./tests/test_main_loop_s05.py
./tests/test_mcp_bridge.py
./tests/test_mcp_tool_toggle.py
./tests/test_mixin_guards.py
./tests/test_mixin_integration_s03.py
./tests/test_model_garage_config.py
./tests/test_packaging.py
./tests/test_providers_config_api.py
./tests/test_provider_stats_api.py
./tests/test_readme_accuracy.py
./tests/test_route_task.py
./tests/test_steward_heartbeats.py
./tests/test_stub_injection.py
