=== Files importing ValidationMixin (excluding defs) ===
./heretek-swarm/heretek_swarm/actors/alpha.py
./heretek-swarm/heretek_swarm/actors/beta.py
./heretek-swarm/heretek_swarm/actors/catalyst.py
./heretek-swarm/heretek_swarm/actors/charlie.py
./heretek-swarm/heretek_swarm/actors/chronos/agent.py
./heretek-swarm/heretek_swarm/actors/coder.py
./heretek-swarm/heretek_swarm/actors/coordinator/agent.py
./heretek-swarm/heretek_swarm/actors/dreamer/agent.py
./heretek-swarm/heretek_swarm/actors/echo.py
./heretek-swarm/heretek_swarm/actors/empath.py
./heretek-swarm/heretek_swarm/actors/examiner/agent.py
./heretek-swarm/heretek_swarm/actors/examiner/testing.py
./heretek-swarm/heretek_swarm/actors/examiner/__init__.py
./heretek-swarm/heretek_swarm/actors/explorer/agent.py
./heretek-swarm/heretek_swarm/actors/explorer.py
./heretek-swarm/heretek_swarm/actors/habit_forge/agent.py
./heretek-swarm/heretek_swarm/actors/historian.py
./heretek-swarm/heretek_swarm/actors/metis.py
./heretek-swarm/heretek_swarm/actors/mixins/validation.py
./heretek-swarm/heretek_swarm/actors/mixins/__init__.py
./heretek-swarm/heretek_swarm/actors/nexus/agent.py
./heretek-swarm/heretek_swarm/actors/perceiver.py
./heretek-swarm/heretek_swarm/actors/perceiver_plus/agent.py
./heretek-swarm/heretek_swarm/actors/prism/agent.py
./heretek-swarm/heretek_swarm/actors/profiling.py
./heretek-swarm/heretek_swarm/actors/sentinel/agent.py
./heretek-swarm/heretek_swarm/actors/sentinel_prime/agent.py
./heretek-swarm/heretek_swarm/actors/steward.py
./heretek-swarm/heretek_swarm/actors/supervisor.py

=== All files that say 'from heretek_swarm.actors.mixins import' ===
