=== _HISTORIAN_FILE references in tests ===
tests/test_historian_jsonl.py:22:from heretek_swarm.actors.historian import _HISTORIAN_FILE, HistorianAgent
tests/test_historian_jsonl.py:39:    """Build a ``HistorianAgent`` with a patched ``_HISTORIAN_FILE``
tests/test_historian_jsonl.py:41:    from heretek_swarm.actors.historian import _HISTORIAN_FILE as _orig_file
tests/test_historian_jsonl.py:46:    _h_mod._HISTORIAN_FILE = tmp_jsonl_path
tests/test_historian_jsonl.py:63:    _h_mod._HISTORIAN_FILE = _orig_file
tests/test_historian_jsonl.py:180:        original = _h_mod._HISTORIAN_FILE
tests/test_historian_jsonl.py:181:        _h_mod._HISTORIAN_FILE = tmp_jsonl_path
tests/test_historian_jsonl.py:196:        _h_mod._HISTORIAN_FILE = original
tests/test_living_loop_integration.py:77:    from heretek_swarm.actors.historian import _HISTORIAN_FILE as _orig
tests/test_living_loop_integration.py:82:    _h_mod._HISTORIAN_FILE = jsonl_path
tests/test_living_loop_integration.py:85:    # Inject jsonl_path before initialize() reads _HISTORIAN_FILE
tests/test_living_loop_integration.py:224:        orig_file = _h_mod._HISTORIAN_FILE
tests/test_living_loop_integration.py:226:        _h_mod._HISTORIAN_FILE = jsonl_path
tests/test_living_loop_integration.py:256:            _h_mod._HISTORIAN_FILE = orig_file
tests/test_living_loop_integration.py:265:        orig_file = _h_mod._HISTORIAN_FILE
tests/test_living_loop_integration.py:267:        _h_mod._HISTORIAN_FILE = jsonl_path
tests/test_living_loop_integration.py:296:            _h_mod._HISTORIAN_FILE = orig_file
tests/test_living_loop_integration.py:364:        orig_file = _h_mod._HISTORIAN_FILE
tests/test_living_loop_integration.py:366:        _h_mod._HISTORIAN_FILE = jsonl_path
tests/test_living_loop_integration.py:398:            _h_mod._HISTORIAN_FILE = orig_file
tests/test_living_loop_integration.py:778:        orig_file = _h_mod._HISTORIAN_FILE
tests/test_living_loop_integration.py:780:        _h_mod._HISTORIAN_FILE = jsonl_path
tests/test_living_loop_integration.py:808:            _h_mod._HISTORIAN_FILE = orig_file
tests/test_living_loop_integration.py:816:        orig_file = _h_mod._HISTORIAN_FILE
tests/test_living_loop_integration.py:818:        _h_mod._HISTORIAN_FILE = jsonl_path
tests/test_living_loop_integration.py:831:        _h_mod._HISTORIAN_FILE = orig_file
tests/test_living_loop_integration.py:839:        """Verify ``_HISTORIAN_FILE.parent`` directory is created on first

=== EchoActor references ===

=== EchoActor references in tests ===
tests/test_actor_lifecycle.py:31:    EchoActor,
tests/test_actor_lifecycle.py:195:    """EchoActor has a unique constructor; test it separately."""
tests/test_actor_lifecycle.py:196:    agent = EchoActor(

=== EchoActor references in docs ===
docs/actors/README.md:114:| EchoActor | 2 | flat |  | Health, Validation |

=== actors/__init__.py current exports ===
