=== Source directory structure ===
./heretek-swarm/heretek_swarm

=== Any src/heretek_swarm? ===
./src/cli.py
./src/__init__.py
__init__.py
agent_workspace
cli.py

=== Any heretek-swarm/src/heretek_swarm? ===

=== All __init__.py files in heretek-swarm/ ===
./heretek-swarm/heretek_swarm/actors/arbiter/__init__.py
./heretek-swarm/heretek_swarm/actors/base/__init__.py
./heretek-swarm/heretek_swarm/actors/chronos/__init__.py
./heretek-swarm/heretek_swarm/actors/coordinator/__init__.py
./heretek-swarm/heretek_swarm/actors/dreamer/__init__.py
./heretek-swarm/heretek_swarm/actors/examiner/__init__.py
./heretek-swarm/heretek_swarm/actors/explorer/__init__.py
./heretek-swarm/heretek_swarm/actors/habit_forge/__init__.py
./heretek-swarm/heretek_swarm/actors/mixins/__init__.py
./heretek-swarm/heretek_swarm/actors/nexus/__init__.py
./heretek-swarm/heretek_swarm/actors/perceiver_plus/__init__.py
./heretek-swarm/heretek_swarm/actors/prism/__init__.py
./heretek-swarm/heretek_swarm/actors/sentinel/__init__.py
./heretek-swarm/heretek_swarm/actors/sentinel_prime/__init__.py
./heretek-swarm/heretek_swarm/actors/triad/__init__.py
./heretek-swarm/heretek_swarm/actors/__init__.py
./heretek-swarm/heretek_swarm/agents/__init__.py
./heretek-swarm/heretek_swarm/api/agents/__init__.py
./heretek-swarm/heretek_swarm/api/__init__.py
./heretek-swarm/heretek_swarm/audit/__init__.py
./heretek-swarm/heretek_swarm/channels/__init__.py
./heretek-swarm/heretek_swarm/cli/__init__.py
./heretek-swarm/heretek_swarm/collective/algorithms/__init__.py
./heretek-swarm/heretek_swarm/collective/__init__.py
./heretek-swarm/heretek_swarm/config/__init__.py
./heretek-swarm/heretek_swarm/consciousness/metrics/__init__.py
./heretek-swarm/heretek_swarm/consciousness/__init__.py
./heretek-swarm/heretek_swarm/consensus/__init__.py
./heretek-swarm/heretek_swarm/coordination/__init__.py
./heretek-swarm/heretek_swarm/creativity/__init__.py

=== Agent/actor classes from heretek-swarm/ ===
./heretek-swarm/heretek_swarm/actors/alpha.py:25:class AlphaAgent(HealthReportingMixin, ValidationMixin, LearningMixin, AgentActor):
./heretek-swarm/heretek_swarm/actors/arbiter/core.py:46:class ConflictType(StrEnum):
./heretek-swarm/heretek_swarm/actors/arbiter/core.py:60:class ConflictSeverity(StrEnum):
./heretek-swarm/heretek_swarm/actors/arbiter/core.py:68:class ResolutionStrategy(StrEnum):
./heretek-swarm/heretek_swarm/actors/arbiter/core.py:82:class ResolutionStatus(StrEnum):
./heretek-swarm/heretek_swarm/actors/arbiter/core.py:93:class Conflict:
./heretek-swarm/heretek_swarm/actors/arbiter/core.py:111:class Relationship:
./heretek-swarm/heretek_swarm/actors/arbiter/core.py:125:class ArbitrationReport:
./heretek-swarm/heretek_swarm/actors/arbiter/core.py:138:class ArbiterAgent(DeliberationMixin, PatternMixin, MemoryMixin, LearningMixin, AgentActor):
./heretek-swarm/heretek_swarm/actors/base/core.py:76:class ActorState(Enum):
./heretek-swarm/heretek_swarm/actors/base/core.py:87:class ActorMessage:
./heretek-swarm/heretek_swarm/actors/base/core.py:112:class ActorStatus:
./heretek-swarm/heretek_swarm/actors/base/core.py:139:class AgentActor:
./heretek-swarm/heretek_swarm/actors/base/message_handling.py:23:class AgentActorMessageHandling(AgentActor):
./heretek-swarm/heretek_swarm/actors/base/state_management.py:23:class AgentActorStateManagement(AgentActor):
./heretek-swarm/heretek_swarm/actors/beta.py:25:class BetaAgent(HealthReportingMixin, ValidationMixin, LearningMixin, AgentActor):
./heretek-swarm/heretek_swarm/actors/catalyst.py:53:class ChangeStatus(Enum):
./heretek-swarm/heretek_swarm/actors/catalyst.py:67:class ChangeType(Enum):
./heretek-swarm/heretek_swarm/actors/catalyst.py:79:class ImpactLevel(Enum):
./heretek-swarm/heretek_swarm/actors/catalyst.py:89:class ChangeRequest:
./heretek-swarm/heretek_swarm/actors/alpha.py:25:class AlphaAgent(HealthReportingMixin, ValidationMixin, LearningMixin, AgentActor):
./heretek-swarm/heretek_swarm/actors/arbiter/core.py:46:class ConflictType(StrEnum):
./heretek-swarm/heretek_swarm/actors/arbiter/core.py:60:class ConflictSeverity(StrEnum):
./heretek-swarm/heretek_swarm/actors/arbiter/core.py:68:class ResolutionStrategy(StrEnum):
./heretek-swarm/heretek_swarm/actors/arbiter/core.py:82:class ResolutionStatus(StrEnum):
./heretek-swarm/heretek_swarm/actors/arbiter/core.py:93:class Conflict:
./heretek-swarm/heretek_swarm/actors/arbiter/core.py:111:class Relationship:
./heretek-swarm/heretek_swarm/actors/arbiter/core.py:125:class ArbitrationReport:
./heretek-swarm/heretek_swarm/actors/arbiter/core.py:138:class ArbiterAgent(DeliberationMixin, PatternMixin, MemoryMixin, LearningMixin, AgentActor):
./heretek-swarm/heretek_swarm/actors/base/core.py:76:class ActorState(Enum):
./heretek-swarm/heretek_swarm/actors/base/core.py:87:class ActorMessage:
./heretek-swarm/heretek_swarm/actors/base/core.py:112:class ActorStatus:
./heretek-swarm/heretek_swarm/actors/base/core.py:139:class AgentActor:
./heretek-swarm/heretek_swarm/actors/base/message_handling.py:23:class AgentActorMessageHandling(AgentActor):
./heretek-swarm/heretek_swarm/actors/base/state_management.py:23:class AgentActorStateManagement(AgentActor):
./heretek-swarm/heretek_swarm/actors/beta.py:25:class BetaAgent(HealthReportingMixin, ValidationMixin, LearningMixin, AgentActor):
./heretek-swarm/heretek_swarm/actors/catalyst.py:53:class ChangeStatus(Enum):
./heretek-swarm/heretek_swarm/actors/catalyst.py:67:class ChangeType(Enum):
./heretek-swarm/heretek_swarm/actors/catalyst.py:79:class ImpactLevel(Enum):
./heretek-swarm/heretek_swarm/actors/catalyst.py:89:class ChangeRequest:
./heretek-swarm/heretek_swarm/actors/catalyst.py:133:class ChangeNotification:
./heretek-swarm/heretek_swarm/actors/catalyst.py:156:class CatalystAgent(
./heretek-swarm/heretek_swarm/actors/charlie.py:25:class CharlieAgent(HealthReportingMixin, ValidationMixin, LearningMixin, AgentActor):
./heretek-swarm/heretek_swarm/actors/chronos/agent.py:55:class ChronosAgent(
./heretek-swarm/heretek_swarm/actors/chronos/handlers.py:19:class ChronosHandlersMixin:
./heretek-swarm/heretek_swarm/actors/chronos/scheduler.py:18:class ChronosSchedulerMixin:
./heretek-swarm/heretek_swarm/actors/chronos/types.py:13:class ScheduleStatus(Enum):
./heretek-swarm/heretek_swarm/actors/chronos/types.py:25:class RecurrenceType(Enum):
./heretek-swarm/heretek_swarm/actors/chronos/types.py:38:class Priority(Enum):
./heretek-swarm/heretek_swarm/actors/chronos/types.py:49:class ScheduledTask:

=== pyproject source config ===
[tool.setuptools.packages.find]
where = ["heretek-swarm"]
include = ["heretek_swarm*"]

--
source = ["src"]
omit = [
    "*/tests/*",
    "*/__pycache__/*",
--
source = [
    "src/",
]

