heretek-swarm/heretek_swarm/actors/__init__.py
heretek-swarm/heretek_swarm/actors/alpha.py
heretek-swarm/heretek_swarm/actors/beta.py
heretek-swarm/heretek_swarm/actors/catalyst.py
heretek-swarm/heretek_swarm/actors/charlie.py
heretek-swarm/heretek_swarm/actors/coder.py
heretek-swarm/heretek_swarm/actors/echo.py
heretek-swarm/heretek_swarm/actors/empath.py
heretek-swarm/heretek_swarm/actors/explorer.py
heretek-swarm/heretek_swarm/actors/factory.py
heretek-swarm/heretek_swarm/actors/handoff.py
heretek-swarm/heretek_swarm/actors/handoff_handlers.py
heretek-swarm/heretek_swarm/actors/historian.py
heretek-swarm/heretek_swarm/actors/langroid_adapter.py
heretek-swarm/heretek_swarm/actors/metis.py
heretek-swarm/heretek_swarm/actors/perceiver.py
heretek-swarm/heretek_swarm/actors/profiling.py
heretek-swarm/heretek_swarm/actors/steward.py
heretek-swarm/heretek_swarm/actors/stubs.py
heretek-swarm/heretek_swarm/actors/supervisor.py
heretek-swarm/heretek_swarm/actors/validation.py
