=== Check for test_validation_consolidation ===
not found on disk
=== Check git for this test file ===
=== ValidationMixin class defs ===
heretek_swarm/actors/mixins/validation.py:22:class ValidationMixin:
=== Check actors/validation.py for class ===
61:class MessageContent(BaseModel):
135:class DeliberationRequest(BaseModel):
166:class MemoryStoreRequest(BaseModel):
199:class AnalysisRequest(BaseModel):
222:class ValidationRequest(BaseModel):
234:class QueryRequest(BaseModel):
252:class LineageRequest(BaseModel):
269:class HealthCheckRequest(BaseModel):
277:class SuspendResumeRequest(BaseModel):
287:class TerminateRequest(BaseModel):
298:class CollectiveTaskRequest(BaseModel):
307:class TaskRequest(BaseModel):
328:class DependencyRequest(BaseModel):
336:class CoordinationRequest(BaseModel):
=== Full test file list ===
tests/test_auto_routing_integration.py
tests/test_complexity_heuristic.py
tests/test_consciousness_api.py
tests/test_consensus_audit_jsonl.py
tests/test_consensus_cli.py
tests/test_consensus_coordinator.py
tests/test_consensus_runtime.py
tests/test_consensus_websocket.py
tests/test_domain_selector.py
tests/test_goal_cli.py
tests/test_goal_consensus.py
tests/test_goal_pipeline.py
tests/test_goal_proposer.py
tests/test_goal_store.py
tests/test_goal_translator.py
tests/test_workflow_persistence.py
