-rwxrwxrwx 1 john john  2732 Apr 29 10:03 heretek-swarm/heretek_swarm/actors/__init__.py
-rwxrwxrwx 1 john john 10388 Apr 29 10:03 heretek-swarm/heretek_swarm/actors/alpha.py
-rwxrwxrwx 1 john john 11533 Apr 29 10:03 heretek-swarm/heretek_swarm/actors/beta.py
-rwxrwxrwx 1 john john 41329 Apr 29 10:03 heretek-swarm/heretek_swarm/actors/catalyst.py
-rwxrwxrwx 1 john john 15192 Apr 29 10:03 heretek-swarm/heretek_swarm/actors/charlie.py
-rwxrwxrwx 1 john john 35367 Apr 30 22:10 heretek-swarm/heretek_swarm/actors/coder.py
-rwxrwxrwx 1 john john 27055 Apr 29 10:03 heretek-swarm/heretek_swarm/actors/echo.py
-rwxrwxrwx 1 john john 41379 Apr 30 01:32 heretek-swarm/heretek_swarm/actors/empath.py
-rwxrwxrwx 1 john john 49014 Apr 29 10:03 heretek-swarm/heretek_swarm/actors/explorer.py
-rwxrwxrwx 1 john john  6447 Apr 29 10:03 heretek-swarm/heretek_swarm/actors/factory.py
-rwxrwxrwx 1 john john 19183 Apr 29 10:03 heretek-swarm/heretek_swarm/actors/handoff.py
-rwxrwxrwx 1 john john  7996 Apr 29 10:03 heretek-swarm/heretek_swarm/actors/handoff_handlers.py
-rwxrwxrwx 1 john john 48099 Apr 30 23:04 heretek-swarm/heretek_swarm/actors/historian.py
-rwxrwxrwx 1 john john 18971 Apr 29 10:03 heretek-swarm/heretek_swarm/actors/langroid_adapter.py
-rwxrwxrwx 1 john john 41865 May  4 12:52 heretek-swarm/heretek_swarm/actors/metis.py
-rwxrwxrwx 1 john john 36284 Apr 29 10:03 heretek-swarm/heretek_swarm/actors/perceiver.py
-rwxrwxrwx 1 john john 41784 Apr 29 10:03 heretek-swarm/heretek_swarm/actors/profiling.py
-rwxrwxrwx 1 john john 33786 Apr 30 21:59 heretek-swarm/heretek_swarm/actors/steward.py
-rwxrwxrwx 1 john john 21258 May 10 16:12 heretek-swarm/heretek_swarm/actors/stubs.py
-rwxrwxrwx 1 john john 18953 Apr 29 10:03 heretek-swarm/heretek_swarm/actors/supervisor.py
-rwxrwxrwx 1 john john 16130 May  7 11:17 heretek-swarm/heretek_swarm/actors/validation.py
===
heretek-swarm/heretek_swarm/actors/__pycache__/
heretek-swarm/heretek_swarm/actors/arbiter/
heretek-swarm/heretek_swarm/actors/base/
heretek-swarm/heretek_swarm/actors/chronos/
heretek-swarm/heretek_swarm/actors/coordinator/
heretek-swarm/heretek_swarm/actors/docs/
heretek-swarm/heretek_swarm/actors/dreamer/
heretek-swarm/heretek_swarm/actors/examiner/
heretek-swarm/heretek_swarm/actors/explorer/
heretek-swarm/heretek_swarm/actors/habit_forge/
heretek-swarm/heretek_swarm/actors/mixins/
heretek-swarm/heretek_swarm/actors/nexus/
heretek-swarm/heretek_swarm/actors/perceiver_plus/
heretek-swarm/heretek_swarm/actors/prism/
heretek-swarm/heretek_swarm/actors/sentinel/
heretek-swarm/heretek_swarm/actors/sentinel_prime/
heretek-swarm/heretek_swarm/actors/triad/
