tests/test_actor_routing.py: 7
tests/test_agent_factory.py: 9
tests/test_agent_tools.py: 16
tests/test_chronos_ticks.py: 11
tests/test_cli_help.py: 10
tests/test_cli_output.py: 23
tests/test_config_cli.py: 49
tests/test_consensus_api_auth.py: 29
tests/test_cost_calculation.py: 16
tests/test_cross_slice_mcp_routing.py: 3
tests/test_daemon.py: 18
tests/test_deliberation_flow.py: 4
tests/test_docker_config.py: 5
tests/test_end_to_end_s03.py: 5
tests/test_heartbeat_bus.py: 10
tests/test_historian_jsonl.py: 5
tests/test_historian_pg.py: 8
tests/test_living_loop_integration.py: 18
tests/test_main_loop_s03.py: 11
tests/test_main_loop_s04.py: 28
tests/test_main_loop_s05.py: 9
tests/test_mcp_bridge.py: 8
tests/test_mcp_tool_toggle.py: 30
tests/test_mixin_guards.py: 12
tests/test_mixin_integration_s03.py: 18
tests/test_model_garage_config.py: 14
tests/test_packaging.py: 4
tests/test_provider_stats_api.py: 10
tests/test_providers_config_api.py: 31
tests/test_readme_accuracy.py: 15
tests/test_route_task.py: 7
tests/test_steward_heartbeats.py: 15
tests/test_stub_injection.py: 14
tests/test_triad_analysis.py: 14
tests/test_usage_recording.py: 14
tests/test_workflow_api.py: 29
tests/test_workflow_consensus_node.py: 21
tests/test_workflow_data_flow.py: 21
tests/test_workflow_e2e_nodes.py: 15
tests/test_workflow_llm_node.py: 39
tests/test_workflow_validation.py: 28
tests/test_ws_status_pump.py: 4
tests/test_ws_status_pump_integration.py: 1

