=== pyproject.toml sections ===
1:[build-system]
2:requires = ["setuptools>=68.0", "wheel"]
5:[project]
12:authors = [
15:classifiers = [
24:dependencies = [
51:[project.optional-dependencies]
52:core = [
60:agents = [
61:    "heretek-swarm[core]",
79:postgres = [
83:full = [
84:    "heretek-swarm[agents]",
91:dev = [
92:    "heretek-swarm[full]",
105:    "coverage[toml]>=7.4.0",
117:[project.scripts]
120:[project.urls]
126:[tool.setuptools.packages.find]
127:where = ["backend"]
128:include = ["heretek_swarm*"]
131:[tool.pytest.ini_options]
133:testpaths = ["tests"]
134:python_files = ["test_*.py", "*_test.py"]
135:python_classes = ["Test*"]
136:python_functions = ["test_*"]
137:filterwarnings = [
148:addopts = [
155:markers = [
167:[tool.coverage.run]

=== build-system ===
[build-system]
requires = ["setuptools>=68.0", "wheel"]
build-backend = "setuptools.build_meta"

[project]

=== tool.setuptools ===
[tool.setuptools.packages.find]
where = ["backend"]
include = ["heretek_swarm*"]

# ============== PYTEST CONFIGURATION ==============
[tool.pytest.ini_options]

=== project.scripts ===
[project.scripts]
heretek-swarm = "heretek_swarm.cli:cli"

[project.urls]

=== pytest config ===
[tool.pytest.ini_options]
minversion = "8.0"
testpaths = ["tests"]
python_files = ["test_*.py", "*_test.py"]
python_classes = ["Test*"]
python_functions = ["test_*"]
filterwarnings = [
    "error",
    "ignore::DeprecationWarning",
    "ignore::PendingDeprecationWarning",
    # The AutonomousSwarm's real agent instances create aiohttp.ClientSession
    # objects in background tasks during initialize().  test_deliberation_flow.py
    # terminates the supervisor, but the session GC races with pytest's
    # teardown check on Python 3.14.  This is harmless — sessions are unused
    # in no_infra mode.
    "ignore::ResourceWarning",
]
addopts = [
    "-ra",
    "-q",
    "--strict-markers",
    "--strict-config",
]
asyncio_mode = "auto"
markers = [
    "unit: Unit tests (fast, isolated)",
    "integration: Integration tests (require external services)",
    "load: Load/performance tests",
    "slow: Tests that take >5s",
    "a2a: Agent-to-Agent messaging tests",
    "consensus: Consensus mechanism tests",
    "latency: Latency benchmark tests (<100ms baseline)",
    "security: Security-focused tests",
]

# ============== COVERAGE CONFIGURATION ==============
[tool.coverage.run]

=== ruff config ===
[tool.ruff]
target-version = "py311"
line-length = 100
src = ["backend", "tests"]

[tool.ruff.lint]
[tool.ruff.lint.per-file-ignores]
"tests/*" = [
    "S101",   # assert used
    "ARG001", # unused argument
    "ARG002", # unused argument (function)
    "PT019",  # pytest.fixture without value
    "S106",   # hardcoded password (test fixtures)
]

[tool.ruff.lint.isort]

=== mypy config ===
[tool.mypy]
python_version = "3.11"
strict = true
warn_return_any = true
warn_unused_configs = true
disallow_untyped_defs = true
disallow_incomplete_defs = true
check_untyped_defs = true
disallow_untyped_decorators = true
no_implicit_optional = true
warn_redundant_casts = true
warn_unused_ignores = true
warn_no_return = true
warn_unreachable = true
pretty = true
show_column_numbers = true
show_error_codes = true
show_error_context = true

[[tool.mypy.overrides]]
