STANDALONE                     |   283 | alpha.py
SHIM                           |    54 | arbiter.py
SHIM                           |    38 | base.py
STANDALONE                     |   300 | beta.py
STANDALONE                     |  1136 | catalyst.py
STANDALONE                     |   394 | charlie.py
SHIM                           |    40 | chronos.py
STANDALONE                     |   980 | coder.py
SHIM                           |    50 | dreamer.py
STANDALONE                     |   750 | echo.py
STANDALONE                     |  1086 | empath.py
SHIM                           |    61 | examiner.py
SHIM (has subpackage but may be standalone) |  1318 | explorer.py
STANDALONE                     |   224 | factory.py
SHIM                           |    56 | habit_forge.py
STANDALONE                     |   600 | handoff.py
STANDALONE                     |   244 | handoff_handlers.py
STANDALONE                     |  1354 | historian.py
STANDALONE                     |   602 | langroid_adapter.py
STANDALONE                     |  1111 | metis.py
STANDALONE                     |   912 | perceiver.py
SHIM                           |    54 | perceiver_plus.py
SHIM                           |    50 | prism.py
STANDALONE                     |  1095 | profiling.py
SHIM                           |    44 | sentinel_prime.py
STANDALONE                     |   841 | steward.py
STANDALONE                     |    53 | stubs.py
STANDALONE                     |   557 | supervisor.py
SHIM                           |    30 | triad.py
STANDALONE                     |   476 | validation.py
