=== mixins files ===
total 68
drwxrwxrwx 1 john john   512 Apr 29 13:13 .
drwxrwxrwx 1 john john   512 May  7 08:23 ..
-rwxrwxrwx 1 john john   797 Apr 29 10:03 __init__.py
drwxrwxrwx 1 john john   512 Apr 29 13:13 __pycache__
-rwxrwxrwx 1 john john  8166 Apr 29 10:03 audit.py
-rwxrwxrwx 1 john john  5011 Apr 29 10:03 deliberation.py
-rwxrwxrwx 1 john john  4035 Apr 29 10:03 health_reporting.py
-rwxrwxrwx 1 john john  2753 Apr 29 10:03 learning.py
-rwxrwxrwx 1 john john  3011 Apr 29 10:03 memory.py
-rwxrwxrwx 1 john john  2962 Apr 29 10:03 memory_access.py
-rwxrwxrwx 1 john john  3193 Apr 29 10:03 pattern.py
-rwxrwxrwx 1 john john  3545 Apr 29 10:03 pattern_consumer.py
-rwxrwxrwx 1 john john  5846 Apr 29 10:03 tribunal.py
-rwxrwxrwx 1 john john 15301 Apr 29 10:03 validation.py

=== Class definitions in each mixin ===
---  ---
---  ---
---  ---
---  ---
---  ---
---  ---
---  ---
---  ---
---  ---
---  ---
---  ---

=== Check if any mixin has validate_input/validate_output definitions ===
heretek-swarm/heretek_swarm/actors/mixins/validation.py:63:    async def validate_input(
heretek-swarm/heretek_swarm/actors/mixins/validation.py:105:            async def _validate_with_timeout() -> tuple[bool, Any]:
heretek-swarm/heretek_swarm/actors/mixins/validation.py:376:    async def validate_output(

=== Check base directory for mixin-like patterns ===
total 80
drwxrwxrwx 1 john john   512 Apr 29 13:12 .
drwxrwxrwx 1 john john   512 May  7 08:23 ..
-rwxrwxrwx 1 john john   370 Apr 29 10:03 __init__.py
drwxrwxrwx 1 john john   512 May  7 09:11 __pycache__
-rwxrwxrwx 1 john john 19259 May  7 09:11 core.py
-rwxrwxrwx 1 john john 39680 May  2 00:58 message_handling.py
-rwxrwxrwx 1 john john 18359 Apr 29 10:03 state_management.py

=== The key question: does base/core.py have its own validation? ===
11:Import from there for validated message types::
30:from heretek_swarm.actors.validation import (
31:    validate_message,
220:        # P1-7: Configuration validation
362:    def _validate_message_content(self, message_type: str, content: dict[str, Any]) -> Any | None:
367:            message_type: Type of message to validate
371:            Validated model instance or None if validation not available
374:            ValueError: If validation fails
377:            return validate_message(message_type, content)
380:                f"[{self.agent_id}] Message validation failed for {message_type}: {e}",
