=== M006 artifacts ===
.gsd/milestones/M006/M006-CONTEXT.md
.gsd/milestones/M006/M006-LEARNINGS.md
.gsd/milestones/M006/M006-PLAN.md
.gsd/milestones/M006/M006-ROADMAP.md
.gsd/milestones/M006/M006-SUMMARY.md
.gsd/milestones/M006/M006-VALIDATION.md
.gsd/milestones/M006/slices/S01/CI_IMPACT.md
.gsd/milestones/M006/slices/S01/FILE_INVENTORY.md
.gsd/milestones/M006/slices/S01/IMPORT_MAP.md
.gsd/milestones/M006/slices/S01/S01-PLAN.md
.gsd/milestones/M006/slices/S01/S01-SUMMARY.md
.gsd/milestones/M006/slices/S01/S01-UAT.md
.gsd/milestones/M006/slices/S01/tasks/T01-PLAN.md
.gsd/milestones/M006/slices/S01/tasks/T01-SUMMARY.md
.gsd/milestones/M006/slices/S01/tasks/T02-PLAN.md
.gsd/milestones/M006/slices/S01/tasks/T02-SUMMARY.md
.gsd/milestones/M006/slices/S01/tasks/T03-PLAN.md
.gsd/milestones/M006/slices/S01/tasks/T03-SUMMARY.md
.gsd/milestones/M006/slices/S01/tasks/T04-PLAN.md
.gsd/milestones/M006/slices/S01/tasks/T04-SUMMARY.md

=== M007 artifacts ===
.gsd/milestones/M007/M007-CONTEXT.md
.gsd/milestones/M007/M007-LEARNINGS.md
.gsd/milestones/M007/M007-ROADMAP.md
.gsd/milestones/M007/M007-SUMMARY.md
.gsd/milestones/M007/M007-VALIDATION.md
.gsd/milestones/M007/slices/S01/S01-ASSESSMENT.md
.gsd/milestones/M007/slices/S01/S01-PLAN.md
.gsd/milestones/M007/slices/S01/S01-SUMMARY.md
.gsd/milestones/M007/slices/S01/S01-UAT.md
.gsd/milestones/M007/slices/S01/tasks/T01-PLAN.md
.gsd/milestones/M007/slices/S01/tasks/T01-SUMMARY.md
.gsd/milestones/M007/slices/S02/S02-ASSESSMENT.md
.gsd/milestones/M007/slices/S02/S02-PLAN.md
.gsd/milestones/M007/slices/S02/S02-SUMMARY.md
.gsd/milestones/M007/slices/S02/S02-UAT.md
.gsd/milestones/M007/slices/S02/tasks/T01-PLAN.md
.gsd/milestones/M007/slices/S02/tasks/T01-SUMMARY.md
.gsd/milestones/M007/slices/S02/tasks/T02-PLAN.md
.gsd/milestones/M007/slices/S02/tasks/T02-SUMMARY.md
.gsd/milestones/M007/slices/S03/S03-PLAN.md
.gsd/milestones/M007/slices/S03/S03-SUMMARY.md
.gsd/milestones/M007/slices/S03/S03-UAT.md
.gsd/milestones/M007/slices/S03/tasks/T01-PLAN.md
.gsd/milestones/M007/slices/S03/tasks/T01-SUMMARY.md
.gsd/milestones/M007/slices/S03/tasks/T02-PLAN.md
.gsd/milestones/M007/slices/S03/tasks/T02-SUMMARY.md
.gsd/milestones/M007/slices/S03/tasks/T03-PLAN.md
.gsd/milestones/M007/slices/S03/tasks/T03-SUMMARY.md

=== M008 artifacts ===
.gsd/milestones/M008/M008-CONTEXT.md
.gsd/milestones/M008/M008-ROADMAP.md
