=== M006 root ===
total 44
drwxrwxrwx 1 john john   512 May 11 23:21 .
drwxrwxrwx 1 john john   512 May  7 16:26 ..
-rwxrwxrwx 1 john john 11928 May 11 22:45 M006-CONTEXT.md
-rwxrwxrwx 1 john john 22089 May 11 23:21 M006-PLAN.md
-rwxrwxrwx 1 john john   674 May 11 23:21 M006-ROADMAP.md
-rwxrwxrwx 1 john john  1890 May  7 09:35 M006-SUMMARY.md
drwxrwxrwx 1 john john   512 May  7 09:33 slices

=== Slices ===
total 0
drwxrwxrwx 1 john john 512 May  7 09:33 .
drwxrwxrwx 1 john john 512 May 11 23:21 ..
drwxrwxrwx 1 john john 512 May 11 23:21 S01

=== S01 ===
total 252
drwxrwxrwx 1 john john    512 May 11 23:21 .
drwxrwxrwx 1 john john    512 May  7 09:33 ..
-rwxrwxrwx 1 john john  10475 May 11 23:16 CI_IMPACT.md
-rwxrwxrwx 1 john john 210506 May 11 22:55 FILE_INVENTORY.md
-rwxrwxrwx 1 john john  24007 May 11 23:07 IMPORT_MAP.md
-rwxrwxrwx 1 john john   4759 May 11 23:21 S01-PLAN.md
drwxrwxrwx 1 john john    512 May 11 23:21 tasks

=== S01 tasks ===
total 45
drwxrwxrwx 1 john john  512 May 11 23:21 .
drwxrwxrwx 1 john john  512 May 11 23:21 ..
-rwxrwxrwx 1 john john 1557 May 11 21:43 T01-PLAN.md
-rwxrwxrwx 1 john john 3107 May 11 23:21 T01-SUMMARY.md
-rwxrwxrwx 1 john john  724 May 11 22:57 T01-VERIFY.json
-rwxrwxrwx 1 john john 1208 May 11 21:43 T02-PLAN.md
-rwxrwxrwx 1 john john 3844 May 11 23:21 T02-SUMMARY.md
-rwxrwxrwx 1 john john  547 May 11 23:11 T02-VERIFY.json
-rwxrwxrwx 1 john john 2062 May 11 21:43 T03-PLAN.md
-rwxrwxrwx 1 john john 2838 May 11 23:21 T03-SUMMARY.md
-rwxrwxrwx 1 john john  711 May 11 23:17 T03-VERIFY.json
-rwxrwxrwx 1 john john 2112 May 11 21:43 T04-PLAN.md
-rwxrwxrwx 1 john john 3120 May 11 23:21 T04-SUMMARY.md
-rwxrwxrwx 1 john john  686 May 11 23:21 T04-VERIFY.json

=== Full tree ===
.gsd/milestones/M006/M006-CONTEXT.md
.gsd/milestones/M006/M006-PLAN.md
.gsd/milestones/M006/M006-ROADMAP.md
.gsd/milestones/M006/M006-SUMMARY.md
.gsd/milestones/M006/slices/S01/CI_IMPACT.md
.gsd/milestones/M006/slices/S01/FILE_INVENTORY.md
.gsd/milestones/M006/slices/S01/IMPORT_MAP.md
.gsd/milestones/M006/slices/S01/S01-PLAN.md
.gsd/milestones/M006/slices/S01/tasks/T01-PLAN.md
.gsd/milestones/M006/slices/S01/tasks/T01-SUMMARY.md
.gsd/milestones/M006/slices/S01/tasks/T01-VERIFY.json
.gsd/milestones/M006/slices/S01/tasks/T02-PLAN.md
.gsd/milestones/M006/slices/S01/tasks/T02-SUMMARY.md
.gsd/milestones/M006/slices/S01/tasks/T02-VERIFY.json
.gsd/milestones/M006/slices/S01/tasks/T03-PLAN.md
.gsd/milestones/M006/slices/S01/tasks/T03-SUMMARY.md
.gsd/milestones/M006/slices/S01/tasks/T03-VERIFY.json
.gsd/milestones/M006/slices/S01/tasks/T04-PLAN.md
.gsd/milestones/M006/slices/S01/tasks/T04-SUMMARY.md
.gsd/milestones/M006/slices/S01/tasks/T04-VERIFY.json
