=== validation/ directory ===
heretek-swarm/heretek_swarm/validation/__init__.py
heretek-swarm/heretek_swarm/validation/agent_messages.py
heretek-swarm/heretek_swarm/validation/llm_output.py

=== Check for agent_messages.py ===
./heretek-swarm/heretek_swarm/validation/agent_messages.py

=== actors/base/ directory ===
heretek-swarm/heretek_swarm/actors/base/__init__.py
heretek-swarm/heretek_swarm/actors/base/core.py
heretek-swarm/heretek_swarm/actors/base/message_handling.py
heretek-swarm/heretek_swarm/actors/base/state_management.py

=== actors/validation.py location ===
-rwxrwxrwx 1 john john 17115 Apr 29 10:03 heretek-swarm/heretek_swarm/actors/validation.py

=== All files in heretek_swarm/actors/ ===
heretek-swarm/heretek_swarm/actors/__init__.py
heretek-swarm/heretek_swarm/actors/alpha.py
heretek-swarm/heretek_swarm/actors/arbiter/__init__.py
heretek-swarm/heretek_swarm/actors/arbiter/constants.py
heretek-swarm/heretek_swarm/actors/arbiter/core.py
heretek-swarm/heretek_swarm/actors/arbiter/handlers.py
heretek-swarm/heretek_swarm/actors/arbiter/strategies.py
heretek-swarm/heretek_swarm/actors/base/__init__.py
heretek-swarm/heretek_swarm/actors/base/core.py
heretek-swarm/heretek_swarm/actors/base/message_handling.py
heretek-swarm/heretek_swarm/actors/base/state_management.py
heretek-swarm/heretek_swarm/actors/beta.py
heretek-swarm/heretek_swarm/actors/catalyst.py
heretek-swarm/heretek_swarm/actors/charlie.py
heretek-swarm/heretek_swarm/actors/chronos/__init__.py
heretek-swarm/heretek_swarm/actors/chronos/agent.py
heretek-swarm/heretek_swarm/actors/chronos/handlers.py
heretek-swarm/heretek_swarm/actors/chronos/scheduler.py
heretek-swarm/heretek_swarm/actors/chronos/types.py
heretek-swarm/heretek_swarm/actors/coder.py
heretek-swarm/heretek_swarm/actors/coordinator/__init__.py
heretek-swarm/heretek_swarm/actors/coordinator/agent.py
heretek-swarm/heretek_swarm/actors/coordinator/strategies.py
heretek-swarm/heretek_swarm/actors/coordinator/types.py
heretek-swarm/heretek_swarm/actors/docs/EXTRACTION_PATTERN.md
heretek-swarm/heretek_swarm/actors/dreamer/__init__.py
heretek-swarm/heretek_swarm/actors/dreamer/agent.py
heretek-swarm/heretek_swarm/actors/dreamer/generators.py
heretek-swarm/heretek_swarm/actors/dreamer/types.py
heretek-swarm/heretek_swarm/actors/echo.py
heretek-swarm/heretek_swarm/actors/empath.py
heretek-swarm/heretek_swarm/actors/examiner/__init__.py
heretek-swarm/heretek_swarm/actors/examiner/agent.py
heretek-swarm/heretek_swarm/actors/examiner/testing.py
heretek-swarm/heretek_swarm/actors/examiner/types.py
heretek-swarm/heretek_swarm/actors/explorer.py
heretek-swarm/heretek_swarm/actors/explorer/__init__.py
heretek-swarm/heretek_swarm/actors/explorer/agent.py
heretek-swarm/heretek_swarm/actors/explorer/pathfinding.py
heretek-swarm/heretek_swarm/actors/explorer/types.py
heretek-swarm/heretek_swarm/actors/factory.py
heretek-swarm/heretek_swarm/actors/habit_forge/__init__.py
heretek-swarm/heretek_swarm/actors/habit_forge/agent.py
heretek-swarm/heretek_swarm/actors/habit_forge/streaks.py
heretek-swarm/heretek_swarm/actors/habit_forge/tracking.py
heretek-swarm/heretek_swarm/actors/habit_forge/types.py
heretek-swarm/heretek_swarm/actors/handoff.py
heretek-swarm/heretek_swarm/actors/handoff_handlers.py
heretek-swarm/heretek_swarm/actors/historian.py
heretek-swarm/heretek_swarm/actors/langroid_adapter.py
heretek-swarm/heretek_swarm/actors/metis.py
heretek-swarm/heretek_swarm/actors/mixins/__init__.py
heretek-swarm/heretek_swarm/actors/mixins/audit.py
heretek-swarm/heretek_swarm/actors/mixins/deliberation.py
heretek-swarm/heretek_swarm/actors/mixins/health_reporting.py
heretek-swarm/heretek_swarm/actors/mixins/learning.py
heretek-swarm/heretek_swarm/actors/mixins/memory.py
heretek-swarm/heretek_swarm/actors/mixins/memory_access.py
heretek-swarm/heretek_swarm/actors/mixins/pattern.py
heretek-swarm/heretek_swarm/actors/mixins/pattern_consumer.py
heretek-swarm/heretek_swarm/actors/mixins/tribunal.py
heretek-swarm/heretek_swarm/actors/mixins/validation.py
heretek-swarm/heretek_swarm/actors/nexus/__init__.py
heretek-swarm/heretek_swarm/actors/nexus/agent.py
heretek-swarm/heretek_swarm/actors/nexus/routing.py
heretek-swarm/heretek_swarm/actors/nexus/types.py
heretek-swarm/heretek_swarm/actors/perceiver.py
heretek-swarm/heretek_swarm/actors/perceiver_plus/__init__.py
heretek-swarm/heretek_swarm/actors/perceiver_plus/agent.py
heretek-swarm/heretek_swarm/actors/perceiver_plus/analytics.py
heretek-swarm/heretek_swarm/actors/perceiver_plus/types.py
heretek-swarm/heretek_swarm/actors/prism/__init__.py
heretek-swarm/heretek_swarm/actors/prism/agent.py
heretek-swarm/heretek_swarm/actors/prism/transforms.py
heretek-swarm/heretek_swarm/actors/prism/types.py
heretek-swarm/heretek_swarm/actors/profiling.py
heretek-swarm/heretek_swarm/actors/sentinel/__init__.py
heretek-swarm/heretek_swarm/actors/sentinel/agent.py
heretek-swarm/heretek_swarm/actors/sentinel/helpers.py
heretek-swarm/heretek_swarm/actors/sentinel/types.py
heretek-swarm/heretek_swarm/actors/sentinel_prime/__init__.py
heretek-swarm/heretek_swarm/actors/sentinel_prime/agent.py
heretek-swarm/heretek_swarm/actors/sentinel_prime/handlers.py
heretek-swarm/heretek_swarm/actors/sentinel_prime/helpers.py
heretek-swarm/heretek_swarm/actors/sentinel_prime/types.py
heretek-swarm/heretek_swarm/actors/steward.py
heretek-swarm/heretek_swarm/actors/stubs.py
heretek-swarm/heretek_swarm/actors/supervisor.py
heretek-swarm/heretek_swarm/actors/triad/__init__.py
heretek-swarm/heretek_swarm/actors/triad/agent.py
heretek-swarm/heretek_swarm/actors/triad/balancing.py
heretek-swarm/heretek_swarm/actors/triad/types.py
heretek-swarm/heretek_swarm/actors/validation.py
